Archive member included to satisfy reference by file (symbol)

c:/st/stm32cubeide_1.4.0/stm32cubeide/plugins/com.st.stm32cube.ide.mcu.externaltools.gnu-tools-for-stm32.7-2018-q2-update.win32_1.4.0.202007081208/tools/bin/../lib/gcc/arm-none-eabi/7.3.1/../../../../arm-none-eabi/lib/thumb/v7e-m/fpv4-sp/hard\libc_nano.a(lib_a-errno.o)
                              Core/Src/syscalls.o (__errno)
c:/st/stm32cubeide_1.4.0/stm32cubeide/plugins/com.st.stm32cube.ide.mcu.externaltools.gnu-tools-for-stm32.7-2018-q2-update.win32_1.4.0.202007081208/tools/bin/../lib/gcc/arm-none-eabi/7.3.1/../../../../arm-none-eabi/lib/thumb/v7e-m/fpv4-sp/hard\libc_nano.a(lib_a-exit.o)
                              c:/st/stm32cubeide_1.4.0/stm32cubeide/plugins/com.st.stm32cube.ide.mcu.externaltools.gnu-tools-for-stm32.7-2018-q2-update.win32_1.4.0.202007081208/tools/bin/../lib/gcc/arm-none-eabi/7.3.1/../../../../arm-none-eabi/lib/thumb/v7e-m/fpv4-sp/hard/crt0.o (exit)
c:/st/stm32cubeide_1.4.0/stm32cubeide/plugins/com.st.stm32cube.ide.mcu.externaltools.gnu-tools-for-stm32.7-2018-q2-update.win32_1.4.0.202007081208/tools/bin/../lib/gcc/arm-none-eabi/7.3.1/../../../../arm-none-eabi/lib/thumb/v7e-m/fpv4-sp/hard\libc_nano.a(lib_a-impure.o)
                              c:/st/stm32cubeide_1.4.0/stm32cubeide/plugins/com.st.stm32cube.ide.mcu.externaltools.gnu-tools-for-stm32.7-2018-q2-update.win32_1.4.0.202007081208/tools/bin/../lib/gcc/arm-none-eabi/7.3.1/../../../../arm-none-eabi/lib/thumb/v7e-m/fpv4-sp/hard\libc_nano.a(lib_a-exit.o) (_global_impure_ptr)
c:/st/stm32cubeide_1.4.0/stm32cubeide/plugins/com.st.stm32cube.ide.mcu.externaltools.gnu-tools-for-stm32.7-2018-q2-update.win32_1.4.0.202007081208/tools/bin/../lib/gcc/arm-none-eabi/7.3.1/../../../../arm-none-eabi/lib/thumb/v7e-m/fpv4-sp/hard\libc_nano.a(lib_a-init.o)
                              c:/st/stm32cubeide_1.4.0/stm32cubeide/plugins/com.st.stm32cube.ide.mcu.externaltools.gnu-tools-for-stm32.7-2018-q2-update.win32_1.4.0.202007081208/tools/bin/../lib/gcc/arm-none-eabi/7.3.1/../../../../arm-none-eabi/lib/thumb/v7e-m/fpv4-sp/hard/crt0.o (__libc_init_array)
c:/st/stm32cubeide_1.4.0/stm32cubeide/plugins/com.st.stm32cube.ide.mcu.externaltools.gnu-tools-for-stm32.7-2018-q2-update.win32_1.4.0.202007081208/tools/bin/../lib/gcc/arm-none-eabi/7.3.1/../../../../arm-none-eabi/lib/thumb/v7e-m/fpv4-sp/hard\libc_nano.a(lib_a-memcpy-stub.o)
                              Core/Src/MY_NRF24.o (memcpy)
c:/st/stm32cubeide_1.4.0/stm32cubeide/plugins/com.st.stm32cube.ide.mcu.externaltools.gnu-tools-for-stm32.7-2018-q2-update.win32_1.4.0.202007081208/tools/bin/../lib/gcc/arm-none-eabi/7.3.1/../../../../arm-none-eabi/lib/thumb/v7e-m/fpv4-sp/hard\libc_nano.a(lib_a-memset.o)
                              c:/st/stm32cubeide_1.4.0/stm32cubeide/plugins/com.st.stm32cube.ide.mcu.externaltools.gnu-tools-for-stm32.7-2018-q2-update.win32_1.4.0.202007081208/tools/bin/../lib/gcc/arm-none-eabi/7.3.1/../../../../arm-none-eabi/lib/thumb/v7e-m/fpv4-sp/hard/crt0.o (memset)
c:/st/stm32cubeide_1.4.0/stm32cubeide/plugins/com.st.stm32cube.ide.mcu.externaltools.gnu-tools-for-stm32.7-2018-q2-update.win32_1.4.0.202007081208/tools/bin/../lib/gcc/arm-none-eabi/7.3.1/../../../../arm-none-eabi/lib/thumb/v7e-m/fpv4-sp/hard\libc_nano.a(lib_a-sprintf.o)
                              Core/Src/MY_NRF24.o (sprintf)
c:/st/stm32cubeide_1.4.0/stm32cubeide/plugins/com.st.stm32cube.ide.mcu.externaltools.gnu-tools-for-stm32.7-2018-q2-update.win32_1.4.0.202007081208/tools/bin/../lib/gcc/arm-none-eabi/7.3.1/../../../../arm-none-eabi/lib/thumb/v7e-m/fpv4-sp/hard\libc_nano.a(lib_a-strlen.o)
                              Core/Src/MY_NRF24.o (strlen)
c:/st/stm32cubeide_1.4.0/stm32cubeide/plugins/com.st.stm32cube.ide.mcu.externaltools.gnu-tools-for-stm32.7-2018-q2-update.win32_1.4.0.202007081208/tools/bin/../lib/gcc/arm-none-eabi/7.3.1/../../../../arm-none-eabi/lib/thumb/v7e-m/fpv4-sp/hard\libc_nano.a(lib_a-nano-svfprintf.o)
                              c:/st/stm32cubeide_1.4.0/stm32cubeide/plugins/com.st.stm32cube.ide.mcu.externaltools.gnu-tools-for-stm32.7-2018-q2-update.win32_1.4.0.202007081208/tools/bin/../lib/gcc/arm-none-eabi/7.3.1/../../../../arm-none-eabi/lib/thumb/v7e-m/fpv4-sp/hard\libc_nano.a(lib_a-sprintf.o) (_svfprintf_r)
c:/st/stm32cubeide_1.4.0/stm32cubeide/plugins/com.st.stm32cube.ide.mcu.externaltools.gnu-tools-for-stm32.7-2018-q2-update.win32_1.4.0.202007081208/tools/bin/../lib/gcc/arm-none-eabi/7.3.1/../../../../arm-none-eabi/lib/thumb/v7e-m/fpv4-sp/hard\libc_nano.a(lib_a-nano-vfprintf_i.o)
                              c:/st/stm32cubeide_1.4.0/stm32cubeide/plugins/com.st.stm32cube.ide.mcu.externaltools.gnu-tools-for-stm32.7-2018-q2-update.win32_1.4.0.202007081208/tools/bin/../lib/gcc/arm-none-eabi/7.3.1/../../../../arm-none-eabi/lib/thumb/v7e-m/fpv4-sp/hard\libc_nano.a(lib_a-nano-svfprintf.o) (_printf_i)
[...]
Memory Configuration

Name             Origin             Length             Attributes
CCMRAM           0x0000000010000000 0x0000000000010000 xrw
RAM              0x0000000020000000 0x0000000000020000 xrw
FLASH            0x0000000008000000 0x0000000000080000 xr
*default*        0x0000000000000000 0xffffffffffffffff

Linker script and memory map

LOAD c:/st/stm32cubeide_1.4.0/stm32cubeide/plugins/com.st.stm32cube.ide.mcu.externaltools.gnu-tools-for-stm32.7-2018-q2-update.win32_1.4.0.202007081208/tools/bin/../lib/gcc/arm-none-eabi/7.3.1/thumb/v7e-m/fpv4-sp/hard/crti.o
LOAD c:/st/stm32cubeide_1.4.0/stm32cubeide/plugins/com.st.stm32cube.ide.mcu.externaltools.gnu-tools-for-stm32.7-2018-q2-update.win32_1.4.0.202007081208/tools/bin/../lib/gcc/arm-none-eabi/7.3.1/thumb/v7e-m/fpv4-sp/hard/crtbegin.o
LOAD c:/st/stm32cubeide_1.4.0/stm32cubeide/plugins/com.st.stm32cube.ide.mcu.externaltools.gnu-tools-for-stm32.7-2018-q2-update.win32_1.4.0.202007081208/tools/bin/../lib/gcc/arm-none-eabi/7.3.1/../../../../arm-none-eabi/lib/thumb/v7e-m/fpv4-sp/hard/crt0.o
LOAD Core/Src/AccelStepper.o
LOAD Core/Src/MY_NRF24.o
LOAD Core/Src/PID.o
LOAD Core/Src/gpio.o
LOAD Core/Src/main.o
LOAD Core/Src/omni_wheel.o
LOAD Core/Src/spi.o
LOAD Core/Src/stm32f4xx_hal_msp.o
LOAD Core/Src/stm32f4xx_it.o
LOAD Core/Src/syscalls.o
LOAD Core/Src/sysmem.o
LOAD Core/Src/system_stm32f4xx.o
LOAD Core/Src/tim.o
LOAD Core/Src/usart.o
LOAD Core/Startup/startup_stm32f407vetx.o
LOAD Drivers/STM32F4xx_HAL_Driver/Src/stm32f4xx_hal.o
LOAD Drivers/STM32F4xx_HAL_Driver/Src/stm32f4xx_hal_cortex.o
LOAD Drivers/STM32F4xx_HAL_Driver/Src/stm32f4xx_hal_dma.o
LOAD Drivers/STM32F4xx_HAL_Driver/Src/stm32f4xx_hal_dma_ex.o
LOAD Drivers/STM32F4xx_HAL_Driver/Src/stm32f4xx_hal_exti.o
LOAD Drivers/STM32F4xx_HAL_Driver/Src/stm32f4xx_hal_flash.o
LOAD Drivers/STM32F4xx_HAL_Driver/Src/stm32f4xx_hal_flash_ex.o
LOAD Drivers/STM32F4xx_HAL_Driver/Src/stm32f4xx_hal_flash_ramfunc.o
LOAD Drivers/STM32F4xx_HAL_Driver/Src/stm32f4xx_hal_gpio.o
LOAD Drivers/STM32F4xx_HAL_Driver/Src/stm32f4xx_hal_pwr.o
LOAD Drivers/STM32F4xx_HAL_Driver/Src/stm32f4xx_hal_pwr_ex.o
LOAD Drivers/STM32F4xx_HAL_Driver/Src/stm32f4xx_hal_rcc.o
LOAD Drivers/STM32F4xx_HAL_Driver/Src/stm32f4xx_hal_rcc_ex.o
LOAD Drivers/STM32F4xx_HAL_Driver/Src/stm32f4xx_hal_spi.o
LOAD Drivers/STM32F4xx_HAL_Driver/Src/stm32f4xx_hal_tim.o
LOAD Drivers/STM32F4xx_HAL_Driver/Src/stm32f4xx_hal_tim_ex.o
LOAD Drivers/STM32F4xx_HAL_Driver/Src/stm32f4xx_hal_uart.o
START GROUP
LOAD c:/st/stm32cubeide_1.4.0/stm32cubeide/plugins/com.st.stm32cube.ide.mcu.externaltools.gnu-tools-for-stm32.7-2018-q2-update.win32_1.4.0.202007081208/tools/bin/../lib/gcc/arm-none-eabi/7.3.1/../../../../arm-none-eabi/lib/thumb/v7e-m/fpv4-sp/hard\libc_nano.a
LOAD c:/st/stm32cubeide_1.4.0/stm32cubeide/plugins/com.st.stm32cube.ide.mcu.externaltools.gnu-tools-for-stm32.7-2018-q2-update.win32_1.4.0.202007081208/tools/bin/../lib/gcc/arm-none-eabi/7.3.1/../../../../arm-none-eabi/lib/thumb/v7e-m/fpv4-sp/hard\libm.a
END GROUP
START GROUP
LOAD c:/st/stm32cubeide_1.4.0/stm32cubeide/plugins/com.st.stm32cube.ide.mcu.externaltools.gnu-tools-for-stm32.7-2018-q2-update.win32_1.4.0.202007081208/tools/bin/../lib/gcc/arm-none-eabi/7.3.1/thumb/v7e-m/fpv4-sp/hard\libgcc.a
LOAD c:/st/stm32cubeide_1.4.0/stm32cubeide/plugins/com.st.stm32cube.ide.mcu.externaltools.gnu-tools-for-stm32.7-2018-q2-update.win32_1.4.0.202007081208/tools/bin/../lib/gcc/arm-none-eabi/7.3.1/../../../../arm-none-eabi/lib/thumb/v7e-m/fpv4-sp/hard\libc_nano.a
END GROUP
START GROUP
LOAD c:/st/stm32cubeide_1.4.0/stm32cubeide/plugins/com.st.stm32cube.ide.mcu.externaltools.gnu-tools-for-stm32.7-2018-q2-update.win32_1.4.0.202007081208/tools/bin/../lib/gcc/arm-none-eabi/7.3.1/thumb/v7e-m/fpv4-sp/hard\libgcc.a
LOAD c:/st/stm32cubeide_1.4.0/stm32cubeide/plugins/com.st.stm32cube.ide.mcu.externaltools.gnu-tools-for-stm32.7-2018-q2-update.win32_1.4.0.202007081208/tools/bin/../lib/gcc/arm-none-eabi/7.3.1/../../../../arm-none-eabi/lib/thumb/v7e-m/fpv4-sp/hard\libc_nano.a
LOAD c:/st/stm32cubeide_1.4.0/stm32cubeide/plugins/com.st.stm32cube.ide.mcu.externaltools.gnu-tools-for-stm32.7-2018-q2-update.win32_1.4.0.202007081208/tools/bin/../lib/gcc/arm-none-eabi/7.3.1/../../../../arm-none-eabi/lib/thumb/v7e-m/fpv4-sp/hard\libnosys.a
END GROUP
START GROUP
LOAD c:/st/stm32cubeide_1.4.0/stm32cubeide/plugins/com.st.stm32cube.ide.mcu.externaltools.gnu-tools-for-stm32.7-2018-q2-update.win32_1.4.0.202007081208/tools/bin/../lib/gcc/arm-none-eabi/7.3.1/thumb/v7e-m/fpv4-sp/hard\libgcc.a
LOAD c:/st/stm32cubeide_1.4.0/stm32cubeide/plugins/com.st.stm32cube.ide.mcu.externaltools.gnu-tools-for-stm32.7-2018-q2-update.win32_1.4.0.202007081208/tools/bin/../lib/gcc/arm-none-eabi/7.3.1/../../../../arm-none-eabi/lib/thumb/v7e-m/fpv4-sp/hard\libc_nano.a
LOAD c:/st/stm32cubeide_1.4.0/stm32cubeide/plugins/com.st.stm32cube.ide.mcu.externaltools.gnu-tools-for-stm32.7-2018-q2-update.win32_1.4.0.202007081208/tools/bin/../lib/gcc/arm-none-eabi/7.3.1/../../../../arm-none-eabi/lib/thumb/v7e-m/fpv4-sp/hard\libnosys.a
END GROUP
LOAD c:/st/stm32cubeide_1.4.0/stm32cubeide/plugins/com.st.stm32cube.ide.mcu.externaltools.gnu-tools-for-stm32.7-2018-q2-update.win32_1.4.0.202007081208/tools/bin/../lib/gcc/arm-none-eabi/7.3.1/thumb/v7e-m/fpv4-sp/hard/crtend.o
LOAD c:/st/stm32cubeide_1.4.0/stm32cubeide/plugins/com.st.stm32cube.ide.mcu.externaltools.gnu-tools-for-stm32.7-2018-q2-update.win32_1.4.0.202007081208/tools/bin/../lib/gcc/arm-none-eabi/7.3.1/thumb/v7e-m/fpv4-sp/hard/crtn.o
                0x0000000020020000                _estack = (ORIGIN (RAM) + LENGTH (RAM))
                0x0000000000000200                _Min_Heap_Size = 0x200
                0x0000000000000400                _Min_Stack_Size = 0x400

.isr_vector     0x0000000008000000      0x188
                0x0000000008000000                . = ALIGN (0x4)
 *(.isr_vector)
 .isr_vector    0x0000000008000000      0x188 Core/Startup/startup_stm32f407vetx.o
                0x0000000008000000                g_pfnVectors
                0x0000000008000188                . = ALIGN (0x4)

.text           0x0000000008000190     0x89c8
                0x0000000008000190                . = ALIGN (0x4)
 *(.text)
 .text          0x0000000008000190       0x40 c:/st/stm32cubeide_1.4.0/stm32cubeide/plugins/com.st.stm32cube.ide.mcu.externaltools.gnu-tools-for-stm32.7-2018-q2-update.win32_1.4.0.202007081208/tools/bin/../lib/gcc/arm-none-eabi/7.3.1/thumb/v7e-m/fpv4-sp/hard/crtbegin.o
 .text          0x00000000080001d0       0x10 c:/st/stm32cubeide_1.4.0/stm32cubeide/plugins/com.st.stm32cube.ide.mcu.externaltools.gnu-tools-for-stm32.7-2018-q2-update.win32_1.4.0.202007081208/tools/bin/../lib/gcc/arm-none-eabi/7.3.1/../../../../arm-none-eabi/lib/thumb/v7e-m/fpv4-sp/hard\libc_nano.a(lib_a-strlen.o)
                0x00000000080001d0                strlen
 .text          0x00000000080001e0       0xa0 c:/st/stm32cubeide_1.4.0/stm32cubeide/plugins/com.st.stm32cube.ide.mcu.externaltools.gnu-tools-for-stm32.7-2018-q2-update.win32_1.4.0.202007081208/tools/bin/../lib/gcc/arm-none-eabi/7.3.1/../../../../arm-none-eabi/lib/thumb/v7e-m/fpv4-sp/hard\libc_nano.a(lib_a-memchr.o)
                0x00000000080001e0                memchr
 .text          0x0000000008000280      0x378 c:/st/stm32cubeide_1.4.0/stm32cubeide/plugins/com.st.stm32cube.ide.mcu.externaltools.gnu-tools-for-stm32.7-2018-q2-update.win32_1.4.0.202007081208/tools/bin/../lib/gcc/arm-none-eabi/7.3.1/thumb/v7e-m/fpv4-sp/hard\libgcc.a(_arm_addsubdf3.o)
                0x0000000008000280                __aeabi_drsub
                0x0000000008000288                __aeabi_dsub
                0x0000000008000288                __subdf3
                0x000000000800028c                __aeabi_dadd
                0x000000000800028c                __adddf3
                0x0000000008000504                __floatunsidf
                0x0000000008000504                __aeabi_ui2d
                0x0000000008000524                __floatsidf
                0x0000000008000524                __aeabi_i2d
                0x0000000008000548                __aeabi_f2d
                0x0000000008000548                __extendsfdf2
                0x000000000800058c                __floatundidf
                0x000000000800058c                __aeabi_ul2d
                0x000000000800059c                __floatdidf
                0x000000000800059c                __aeabi_l2d
 .text          0x00000000080005f8      0x424 c:/st/stm32cubeide_1.4.0/stm32cubeide/plugins/com.st.stm32cube.ide.mcu.externaltools.gnu-tools-for-stm32.7-2018-q2-update.win32_1.4.0.202007081208/tools/bin/../lib/gcc/arm-none-eabi/7.3.1/thumb/v7e-m/fpv4-sp/hard\libgcc.a(_arm_muldivdf3.o)
                0x00000000080005f8                __aeabi_dmul
                0x00000000080005f8                __muldf3
                0x000000000800084c                __divdf3
                0x000000000800084c                __aeabi_ddiv
 .text          0x0000000008000a1c      0x110 c:/st/stm32cubeide_1.4.0/stm32cubeide/plugins/com.st.stm32cube.ide.mcu.externaltools.gnu-tools-for-stm32.7-2018-q2-update.win32_1.4.0.202007081208/tools/bin/../lib/gcc/arm-none-eabi/7.3.1/thumb/v7e-m/fpv4-sp/hard\libgcc.a(_arm_cmpdf2.o)
                0x0000000008000a1c                __gtdf2
                0x0000000008000a1c                __gedf2
                0x0000000008000a24                __ltdf2
                0x0000000008000a24                __ledf2
                0x0000000008000a2c                __nedf2
                0x0000000008000a2c                __eqdf2
                0x0000000008000a2c                __cmpdf2
                0x0000000008000aa8                __aeabi_cdrcmple
                0x0000000008000ab8                __aeabi_cdcmpeq
                0x0000000008000ab8                __aeabi_cdcmple
                0x0000000008000ac8                __aeabi_dcmpeq
                0x0000000008000adc                __aeabi_dcmplt
                0x0000000008000af0                __aeabi_dcmple
                0x0000000008000b04                __aeabi_dcmpge
                0x0000000008000b18                __aeabi_dcmpgt
 .text          0x0000000008000b2c       0x2c c:/st/stm32cubeide_1.4.0/stm32cubeide/plugins/com.st.stm32cube.ide.mcu.externaltools.gnu-tools-for-stm32.7-2018-q2-update.win32_1.4.0.202007081208/tools/bin/../lib/gcc/arm-none-eabi/7.3.1/thumb/v7e-m/fpv4-sp/hard\libgcc.a(_arm_unorddf2.o)
                0x0000000008000b2c                __unorddf2
                0x0000000008000b2c                __aeabi_dcmpun
 .text          0x0000000008000b58       0x50 c:/st/stm32cubeide_1.4.0/stm32cubeide/plugins/com.st.stm32cube.ide.mcu.externaltools.gnu-tools-for-stm32.7-2018-q2-update.win32_1.4.0.202007081208/tools/bin/../lib/gcc/arm-none-eabi/7.3.1/thumb/v7e-m/fpv4-sp/hard\libgcc.a(_arm_fixdfsi.o)
                0x0000000008000b58                __aeabi_d2iz
                0x0000000008000b58                __fixdfsi
 .text          0x0000000008000ba8       0x40 c:/st/stm32cubeide_1.4.0/stm32cubeide/plugins/com.st.stm32cube.ide.mcu.externaltools.gnu-tools-for-stm32.7-2018-q2-update.win32_1.4.0.202007081208/tools/bin/../lib/gcc/arm-none-eabi/7.3.1/thumb/v7e-m/fpv4-sp/hard\libgcc.a(_arm_fixunsdfsi.o)
                0x0000000008000ba8                __aeabi_d2uiz
                0x0000000008000ba8                __fixunsdfsi
 .text          0x0000000008000be8       0xa0 c:/st/stm32cubeide_1.4.0/stm32cubeide/plugins/com.st.stm32cube.ide.mcu.externaltools.gnu-tools-for-stm32.7-2018-q2-update.win32_1.4.0.202007081208/tools/bin/../lib/gcc/arm-none-eabi/7.3.1/thumb/v7e-m/fpv4-sp/hard\libgcc.a(_arm_truncdfsf2.o)
                0x0000000008000be8                __truncdfsf2
                0x0000000008000be8                __aeabi_d2f
 .text          0x0000000008000c88       0x30 c:/st/stm32cubeide_1.4.0/stm32cubeide/plugins/com.st.stm32cube.ide.mcu.externaltools.gnu-tools-for-stm32.7-2018-q2-update.win32_1.4.0.202007081208/tools/bin/../lib/gcc/arm-none-eabi/7.3.1/thumb/v7e-m/fpv4-sp/hard\libgcc.a(_aeabi_uldivmod.o)
                0x0000000008000c88                __aeabi_uldivmod
 .text          0x0000000008000cb8      0x2cc c:/st/stm32cubeide_1.4.0/stm32cubeide/plugins/com.st.stm32cube.ide.mcu.externaltools.gnu-tools-for-stm32.7-2018-q2-update.win32_1.4.0.202007081208/tools/bin/../lib/gcc/arm-none-eabi/7.3.1/thumb/v7e-m/fpv4-sp/hard\libgcc.a(_udivmoddi4.o)
                0x0000000008000cb8                __udivmoddi4
 .text          0x0000000008000f84        0x4 c:/st/stm32cubeide_1.4.0/stm32cubeide/plugins/com.st.stm32cube.ide.mcu.externaltools.gnu-tools-for-stm32.7-2018-q2-update.win32_1.4.0.202007081208/tools/bin/../lib/gcc/arm-none-eabi/7.3.1/thumb/v7e-m/fpv4-sp/hard\libgcc.a(_dvmd_tls.o)
                0x0000000008000f84                __aeabi_idiv0
                0x0000000008000f84                __aeabi_ldiv0
 *(.text*)
 .text.micros   0x0000000008000f88       0x30 Core/Src/AccelStepper.o
 .text.moveTo   0x0000000008000fb8       0x28 Core/Src/AccelStepper.o
                0x0000000008000fb8                moveTo
 .text.move     0x0000000008000fe0       0x22 Core/Src/AccelStepper.o
                0x0000000008000fe0                move
 .text.runSpeed
                0x0000000008001002       0x9e Core/Src/AccelStepper.o
                0x0000000008001002                runSpeed
 .text.distanceToGo
                0x00000000080010a0       0x1e Core/Src/AccelStepper.o
                0x00000000080010a0                distanceToGo
 .text.currentPosition
                0x00000000080010be       0x18 Core/Src/AccelStepper.o
                0x00000000080010be                currentPosition
 .text.setCurrentPosition
                0x00000000080010d6       0x38 Core/Src/AccelStepper.o
                0x00000000080010d6                setCurrentPosition
 *fill*         0x000000000800110e        0x2 
 .text.computeNewSpeed
                0x0000000008001110      0x240 Core/Src/AccelStepper.o
                0x0000000008001110                computeNewSpeed
 .text.run      0x0000000008001350       0x46 Core/Src/AccelStepper.o
                0x0000000008001350                run
 .text.InitStepper
                0x0000000008001396       0xda Core/Src/AccelStepper.o
                0x0000000008001396                InitStepper
 .text.setMaxSpeed
                0x0000000008001470       0xa0 Core/Src/AccelStepper.o
                0x0000000008001470                setMaxSpeed
 .text.setAcceleration
                0x0000000008001510       0xe0 Core/Src/AccelStepper.o
                0x0000000008001510                setAcceleration
 .text.step     0x00000000080015f0       0x1a Core/Src/AccelStepper.o
                0x00000000080015f0                step
 .text.setOutputPins
                0x000000000800160a       0xc2 Core/Src/AccelStepper.o
                0x000000000800160a                setOutputPins
 .text.step1    0x00000000080016cc       0x5a Core/Src/AccelStepper.o
                0x00000000080016cc                step1
 .text.enableOutputs
                0x0000000008001726       0x9e Core/Src/AccelStepper.o
                0x0000000008001726                enableOutputs
 .text.stop     0x00000000080017c4       0x92 Core/Src/AccelStepper.o
                0x00000000080017c4                stop
 *fill*         0x0000000008001856        0x2 
 .text.NRF24_DelayMicroSeconds
                0x0000000008001858       0x40 Core/Src/MY_NRF24.o
                0x0000000008001858                NRF24_DelayMicroSeconds
 .text.NRF24_csn
                0x0000000008001898       0x40 Core/Src/MY_NRF24.o
                0x0000000008001898                NRF24_csn
 .text.NRF24_ce
                0x00000000080018d8       0x40 Core/Src/MY_NRF24.o
                0x00000000080018d8                NRF24_ce
 .text.NRF24_read_register
                0x0000000008001918       0x50 Core/Src/MY_NRF24.o
                0x0000000008001918                NRF24_read_register
 .text.NRF24_read_registerN
                0x0000000008001968       0x50 Core/Src/MY_NRF24.o
                0x0000000008001968                NRF24_read_registerN
 .text.NRF24_write_register
                0x00000000080019b8       0x44 Core/Src/MY_NRF24.o
                0x00000000080019b8                NRF24_write_register
 .text.NRF24_write_registerN
                0x00000000080019fc       0x50 Core/Src/MY_NRF24.o
                0x00000000080019fc                NRF24_write_registerN
 .text.NRF24_read_payload
                0x0000000008001a4c       0x60 Core/Src/MY_NRF24.o
                0x0000000008001a4c                NRF24_read_payload
 .text.NRF24_flush_tx
                0x0000000008001aac       0x10 Core/Src/MY_NRF24.o
                0x0000000008001aac                NRF24_flush_tx
 .text.NRF24_flush_rx
                0x0000000008001abc       0x10 Core/Src/MY_NRF24.o
                0x0000000008001abc                NRF24_flush_rx
 .text.NRF24_get_status
                0x0000000008001acc       0x1a Core/Src/MY_NRF24.o
                0x0000000008001acc                NRF24_get_status
 *fill*         0x0000000008001ae6        0x2 
 .text.NRF24_begin
                0x0000000008001ae8      0x1bc Core/Src/MY_NRF24.o
                0x0000000008001ae8                NRF24_begin
 .text.NRF24_startListening
                0x0000000008001ca4       0x4c Core/Src/MY_NRF24.o
                0x0000000008001ca4                NRF24_startListening
 .text.NRF24_available
                0x0000000008001cf0       0x10 Core/Src/MY_NRF24.o
                0x0000000008001cf0                NRF24_available
 .text.NRF24_read
                0x0000000008001d00       0x40 Core/Src/MY_NRF24.o
                0x0000000008001d00                NRF24_read
 .text.NRF24_openReadingPipe
                0x0000000008001d40       0x9c Core/Src/MY_NRF24.o
                0x0000000008001d40                NRF24_openReadingPipe
 .text.NRF24_setRetries
                0x0000000008001ddc       0x36 Core/Src/MY_NRF24.o
                0x0000000008001ddc                NRF24_setRetries
 .text.NRF24_setChannel
                0x0000000008001e12       0x2a Core/Src/MY_NRF24.o
                0x0000000008001e12                NRF24_setChannel
 .text.NRF24_setPayloadSize
                0x0000000008001e3c       0x30 Core/Src/MY_NRF24.o
                0x0000000008001e3c                NRF24_setPayloadSize
 .text.NRF24_getPayloadSize
                0x0000000008001e6c       0x18 Core/Src/MY_NRF24.o
                0x0000000008001e6c                NRF24_getPayloadSize
 .text.NRF24_getDynamicPayloadSize
                0x0000000008001e84       0x10 Core/Src/MY_NRF24.o
                0x0000000008001e84                NRF24_getDynamicPayloadSize
 .text.NRF24_disableDynamicPayloads
                0x0000000008001e94       0x30 Core/Src/MY_NRF24.o
                0x0000000008001e94                NRF24_disableDynamicPayloads
 .text.NRF24_setAutoAck
                0x0000000008001ec4       0x2a Core/Src/MY_NRF24.o
                0x0000000008001ec4                NRF24_setAutoAck
 .text.NRF24_setPALevel
                0x0000000008001eee       0x72 Core/Src/MY_NRF24.o
                0x0000000008001eee                NRF24_setPALevel
 .text.NRF24_setDataRate
                0x0000000008001f60       0x8c Core/Src/MY_NRF24.o
                0x0000000008001f60                NRF24_setDataRate
 .text.NRF24_setCRCLength
                0x0000000008001fec       0x50 Core/Src/MY_NRF24.o
                0x0000000008001fec                NRF24_setCRCLength
 .text.NRF24_powerDown
                0x000000000800203c       0x1e Core/Src/MY_NRF24.o
                0x000000000800203c                NRF24_powerDown
 .text.NRF24_availablePipe
                0x000000000800205a       0x60 Core/Src/MY_NRF24.o
                0x000000000800205a                NRF24_availablePipe
 .text.NRF24_resetStatus
                0x00000000080020ba       0x10 Core/Src/MY_NRF24.o
                0x00000000080020ba                NRF24_resetStatus
 *fill*         0x00000000080020ca        0x2 
 .text.NRF24_ACTIVATE_cmd
                0x00000000080020cc       0x34 Core/Src/MY_NRF24.o
                0x00000000080020cc                NRF24_ACTIVATE_cmd
 .text.printRadioSettings
                0x0000000008002100      0x924 Core/Src/MY_NRF24.o
                0x0000000008002100                printRadioSettings
 .text.nrf24_DebugUART_Init
                0x0000000008002a24       0x38 Core/Src/MY_NRF24.o
                0x0000000008002a24                nrf24_DebugUART_Init
 .text.PID_Init
                0x0000000008002a5c       0x7a Core/Src/PID.o
                0x0000000008002a5c                PID_Init
 .text.PID      0x0000000008002ad6      0x264 Core/Src/PID.o
                0x0000000008002ad6                PID
 *fill*         0x0000000008002d3a        0x2 
 .text.MX_GPIO_Init
                0x0000000008002d3c      0x208 Core/Src/gpio.o
                0x0000000008002d3c                MX_GPIO_Init
 .text.DWT_Init
                0x0000000008002f44       0x30 Core/Src/main.o
 .text.map      0x0000000008002f74       0x5c Core/Src/main.o
                0x0000000008002f74                map
 .text.reset_data
                0x0000000008002fd0       0x30 Core/Src/main.o
                0x0000000008002fd0                reset_data
 .text.main     0x0000000008003000      0x5e8 Core/Src/main.o
                0x0000000008003000                main
 .text.SystemClock_Config
                0x00000000080035e8       0xd4 Core/Src/main.o
                0x00000000080035e8                SystemClock_Config
 .text.HAL_GPIO_EXTI_Callback
                0x00000000080036bc       0xf0 Core/Src/main.o
                0x00000000080036bc                HAL_GPIO_EXTI_Callback
 .text.HAL_TIM_PeriodElapsedCallback
                0x00000000080037ac      0x54c Core/Src/main.o
                0x00000000080037ac                HAL_TIM_PeriodElapsedCallback
 .text.Error_Handler
                0x0000000008003cf8        0xe Core/Src/main.o
                0x0000000008003cf8                Error_Handler
 *fill*         0x0000000008003d06        0x2 
 .text.wheel2   0x0000000008003d08       0x84 Core/Src/omni_wheel.o
                0x0000000008003d08                wheel2
 *fill*         0x0000000008003d8c        0x4 
 .text.wheel3   0x0000000008003d90       0x84 Core/Src/omni_wheel.o
                0x0000000008003d90                wheel3
 *fill*         0x0000000008003e14        0x4 
 .text.wheel4   0x0000000008003e18       0x84 Core/Src/omni_wheel.o
                0x0000000008003e18                wheel4
 *fill*         0x0000000008003e9c        0x4 
 .text.wheel1   0x0000000008003ea0       0x84 Core/Src/omni_wheel.o
                0x0000000008003ea0                wheel1
 *fill*         0x0000000008003f24        0x4 
 .text.Motors_RPS
                0x0000000008003f28      0x23c Core/Src/omni_wheel.o
                0x0000000008003f28                Motors_RPS
 .text.encoder  0x0000000008004164      0x1c4 Core/Src/omni_wheel.o
                0x0000000008004164                encoder
 .text.MX_SPI1_Init
                0x0000000008004328       0x6c Core/Src/spi.o
                0x0000000008004328                MX_SPI1_Init
 .text.HAL_SPI_MspInit
                0x0000000008004394       0x90 Core/Src/spi.o
                0x0000000008004394                HAL_SPI_MspInit
 .text.HAL_MspInit
                0x0000000008004424       0x50 Core/Src/stm32f4xx_hal_msp.o
                0x0000000008004424                HAL_MspInit
 .text.NMI_Handler
                0x0000000008004474        0xe Core/Src/stm32f4xx_it.o
                0x0000000008004474                NMI_Handler
 .text.HardFault_Handler
                0x0000000008004482        0x6 Core/Src/stm32f4xx_it.o
                0x0000000008004482                HardFault_Handler
 .text.MemManage_Handler
                0x0000000008004488        0x6 Core/Src/stm32f4xx_it.o
                0x0000000008004488                MemManage_Handler
 .text.BusFault_Handler
                0x000000000800448e        0x6 Core/Src/stm32f4xx_it.o
                0x000000000800448e                BusFault_Handler
 .text.UsageFault_Handler
                0x0000000008004494        0x6 Core/Src/stm32f4xx_it.o
                0x0000000008004494                UsageFault_Handler
 .text.SVC_Handler
                0x000000000800449a        0xe Core/Src/stm32f4xx_it.o
                0x000000000800449a                SVC_Handler
 .text.DebugMon_Handler
                0x00000000080044a8        0xe Core/Src/stm32f4xx_it.o
                0x00000000080044a8                DebugMon_Handler
 .text.PendSV_Handler
                0x00000000080044b6        0xe Core/Src/stm32f4xx_it.o
                0x00000000080044b6                PendSV_Handler
 .text.SysTick_Handler
                0x00000000080044c4        0xc Core/Src/stm32f4xx_it.o
                0x00000000080044c4                SysTick_Handler
 .text.EXTI9_5_IRQHandler
                0x00000000080044d0       0x18 Core/Src/stm32f4xx_it.o
                0x00000000080044d0                EXTI9_5_IRQHandler
 .text.TIM1_BRK_TIM9_IRQHandler
                0x00000000080044e8       0x1c Core/Src/stm32f4xx_it.o
                0x00000000080044e8                TIM1_BRK_TIM9_IRQHandler
 .text.EXTI15_10_IRQHandler
                0x0000000008004504       0x38 Core/Src/stm32f4xx_it.o
                0x0000000008004504                EXTI15_10_IRQHandler
 .text.TIM7_IRQHandler
                0x000000000800453c       0x14 Core/Src/stm32f4xx_it.o
                0x000000000800453c                TIM7_IRQHandler
 .text._sbrk    0x0000000008004550       0x6c Core/Src/sysmem.o
                0x0000000008004550                _sbrk
 .text.SystemInit
                0x00000000080045bc       0x2c Core/Src/system_stm32f4xx.o
                0x00000000080045bc                SystemInit
 .text.MX_TIM1_Init
                0x00000000080045e8      0x188 Core/Src/tim.o
                0x00000000080045e8                MX_TIM1_Init
 .text.MX_TIM3_Init
                0x0000000008004770      0x130 Core/Src/tim.o
                0x0000000008004770                MX_TIM3_Init
 .text.MX_TIM4_Init
                0x00000000080048a0      0x130 Core/Src/tim.o
                0x00000000080048a0                MX_TIM4_Init
 .text.MX_TIM7_Init
                0x00000000080049d0       0x6c Core/Src/tim.o
                0x00000000080049d0                MX_TIM7_Init
 .text.MX_TIM9_Init
                0x0000000008004a3c       0x70 Core/Src/tim.o
                0x0000000008004a3c                MX_TIM9_Init
 .text.HAL_TIM_Base_MspInit
                0x0000000008004aac      0x120 Core/Src/tim.o
                0x0000000008004aac                HAL_TIM_Base_MspInit
 .text.HAL_TIM_MspPostInit
                0x0000000008004bcc      0x118 Core/Src/tim.o
                0x0000000008004bcc                HAL_TIM_MspPostInit
 .text.MX_USART1_UART_Init
                0x0000000008004ce4       0x54 Core/Src/usart.o
                0x0000000008004ce4                MX_USART1_UART_Init
 .text.HAL_UART_MspInit
                0x0000000008004d38       0x90 Core/Src/usart.o
                0x0000000008004d38                HAL_UART_MspInit
 .text.Reset_Handler
                0x0000000008004dc8       0x50 Core/Startup/startup_stm32f407vetx.o
                0x0000000008004dc8                Reset_Handler
 .text.Default_Handler
                0x0000000008004e18        0x2 Core/Startup/startup_stm32f407vetx.o
                0x0000000008004e18                RTC_Alarm_IRQHandler
                0x0000000008004e18                HASH_RNG_IRQHandler
                0x0000000008004e18                EXTI2_IRQHandler
                0x0000000008004e18                TIM8_CC_IRQHandler
                0x0000000008004e18                TIM1_CC_IRQHandler
                0x0000000008004e18                DMA2_Stream5_IRQHandler
                0x0000000008004e18                DMA1_Stream5_IRQHandler
                0x0000000008004e18                PVD_IRQHandler
                0x0000000008004e18                SDIO_IRQHandler
                0x0000000008004e18                TAMP_STAMP_IRQHandler
                0x0000000008004e18                CAN2_RX1_IRQHandler
                0x0000000008004e18                EXTI3_IRQHandler
                0x0000000008004e18                TIM8_TRG_COM_TIM14_IRQHandler
                0x0000000008004e18                TIM1_UP_TIM10_IRQHandler
                0x0000000008004e18                TIM8_UP_TIM13_IRQHandler
                0x0000000008004e18                I2C3_ER_IRQHandler
                0x0000000008004e18                EXTI0_IRQHandler
                0x0000000008004e18                I2C2_EV_IRQHandler
                0x0000000008004e18                DMA1_Stream2_IRQHandler
                0x0000000008004e18                CAN1_RX0_IRQHandler
                0x0000000008004e18                FPU_IRQHandler
                0x0000000008004e18                OTG_HS_WKUP_IRQHandler
                0x0000000008004e18                CAN2_SCE_IRQHandler
                0x0000000008004e18                DMA2_Stream2_IRQHandler
                0x0000000008004e18                SPI1_IRQHandler
                0x0000000008004e18                TIM6_DAC_IRQHandler
                0x0000000008004e18                DCMI_IRQHandler
                0x0000000008004e18                CAN2_RX0_IRQHandler
                0x0000000008004e18                DMA2_Stream3_IRQHandler
                0x0000000008004e18                USART6_IRQHandler
                0x0000000008004e18                USART3_IRQHandler
                0x0000000008004e18                CAN1_RX1_IRQHandler
                0x0000000008004e18                UART5_IRQHandler
                0x0000000008004e18                DMA2_Stream0_IRQHandler
                0x0000000008004e18                TIM4_IRQHandler
                0x0000000008004e18                I2C1_EV_IRQHandler
                0x0000000008004e18                DMA1_Stream6_IRQHandler
                0x0000000008004e18                DMA1_Stream1_IRQHandler
                0x0000000008004e18                UART4_IRQHandler
                0x0000000008004e18                TIM3_IRQHandler
                0x0000000008004e18                RCC_IRQHandler
                0x0000000008004e18                TIM8_BRK_TIM12_IRQHandler
                0x0000000008004e18                Default_Handler
                0x0000000008004e18                ADC_IRQHandler
                0x0000000008004e18                DMA1_Stream7_IRQHandler
                0x0000000008004e18                CAN2_TX_IRQHandler
                0x0000000008004e18                TIM5_IRQHandler
                0x0000000008004e18                DMA2_Stream7_IRQHandler
                0x0000000008004e18                I2C3_EV_IRQHandler
                0x0000000008004e18                RTC_WKUP_IRQHandler
                0x0000000008004e18                ETH_WKUP_IRQHandler
                0x0000000008004e18                SPI2_IRQHandler
                0x0000000008004e18                OTG_HS_EP1_IN_IRQHandler
                0x0000000008004e18                DMA1_Stream0_IRQHandler
                0x0000000008004e18                CAN1_TX_IRQHandler
                0x0000000008004e18                EXTI4_IRQHandler
                0x0000000008004e18                FSMC_IRQHandler
                0x0000000008004e18                ETH_IRQHandler
                0x0000000008004e18                OTG_HS_EP1_OUT_IRQHandler
                0x0000000008004e18                WWDG_IRQHandler
                0x0000000008004e18                TIM2_IRQHandler
                0x0000000008004e18                OTG_FS_WKUP_IRQHandler
                0x0000000008004e18                TIM1_TRG_COM_TIM11_IRQHandler
                0x0000000008004e18                OTG_HS_IRQHandler
                0x0000000008004e18                EXTI1_IRQHandler
                0x0000000008004e18                USART2_IRQHandler
                0x0000000008004e18                I2C2_ER_IRQHandler
                0x0000000008004e18                DMA2_Stream1_IRQHandler
                0x0000000008004e18                CAN1_SCE_IRQHandler
                0x0000000008004e18                FLASH_IRQHandler
                0x0000000008004e18                DMA2_Stream4_IRQHandler
                0x0000000008004e18                USART1_IRQHandler
                0x0000000008004e18                OTG_FS_IRQHandler
                0x0000000008004e18                SPI3_IRQHandler
                0x0000000008004e18                DMA1_Stream4_IRQHandler
                0x0000000008004e18                I2C1_ER_IRQHandler
                0x0000000008004e18                DMA2_Stream6_IRQHandler
                0x0000000008004e18                DMA1_Stream3_IRQHandler
 *fill*         0x0000000008004e1a        0x2 
 .text.HAL_Init
                0x0000000008004e1c       0x44 Drivers/STM32F4xx_HAL_Driver/Src/stm32f4xx_hal.o
                0x0000000008004e1c                HAL_Init
 .text.HAL_InitTick
                0x0000000008004e60       0x60 Drivers/STM32F4xx_HAL_Driver/Src/stm32f4xx_hal.o
                0x0000000008004e60                HAL_InitTick
 .text.HAL_IncTick
                0x0000000008004ec0       0x28 Drivers/STM32F4xx_HAL_Driver/Src/stm32f4xx_hal.o
                0x0000000008004ec0                HAL_IncTick
 .text.HAL_GetTick
                0x0000000008004ee8       0x18 Drivers/STM32F4xx_HAL_Driver/Src/stm32f4xx_hal.o
                0x0000000008004ee8                HAL_GetTick
 .text.HAL_Delay
                0x0000000008004f00       0x44 Drivers/STM32F4xx_HAL_Driver/Src/stm32f4xx_hal.o
                0x0000000008004f00                HAL_Delay
 .text.__NVIC_SetPriorityGrouping
                0x0000000008004f44       0x48 Drivers/STM32F4xx_HAL_Driver/Src/stm32f4xx_hal_cortex.o
 .text.__NVIC_GetPriorityGrouping
                0x0000000008004f8c       0x1c Drivers/STM32F4xx_HAL_Driver/Src/stm32f4xx_hal_cortex.o
 .text.__NVIC_EnableIRQ
                0x0000000008004fa8       0x3c Drivers/STM32F4xx_HAL_Driver/Src/stm32f4xx_hal_cortex.o
 .text.__NVIC_SetPriority
                0x0000000008004fe4       0x54 Drivers/STM32F4xx_HAL_Driver/Src/stm32f4xx_hal_cortex.o
 .text.NVIC_EncodePriority
                0x0000000008005038       0x66 Drivers/STM32F4xx_HAL_Driver/Src/stm32f4xx_hal_cortex.o
 *fill*         0x000000000800509e        0x2 
 .text.SysTick_Config
                0x00000000080050a0       0x44 Drivers/STM32F4xx_HAL_Driver/Src/stm32f4xx_hal_cortex.o
 .text.HAL_NVIC_SetPriorityGrouping
                0x00000000080050e4       0x16 Drivers/STM32F4xx_HAL_Driver/Src/stm32f4xx_hal_cortex.o
                0x00000000080050e4                HAL_NVIC_SetPriorityGrouping
 .text.HAL_NVIC_SetPriority
                0x00000000080050fa       0x38 Drivers/STM32F4xx_HAL_Driver/Src/stm32f4xx_hal_cortex.o
                0x00000000080050fa                HAL_NVIC_SetPriority
 .text.HAL_NVIC_EnableIRQ
                0x0000000008005132       0x1c Drivers/STM32F4xx_HAL_Driver/Src/stm32f4xx_hal_cortex.o
                0x0000000008005132                HAL_NVIC_EnableIRQ
 .text.HAL_SYSTICK_Config
                0x000000000800514e       0x18 Drivers/STM32F4xx_HAL_Driver/Src/stm32f4xx_hal_cortex.o
                0x000000000800514e                HAL_SYSTICK_Config
 *fill*         0x0000000008005166        0x2 
 .text.HAL_GPIO_Init
                0x0000000008005168      0x334 Drivers/STM32F4xx_HAL_Driver/Src/stm32f4xx_hal_gpio.o
                0x0000000008005168                HAL_GPIO_Init
 .text.HAL_GPIO_ReadPin
                0x000000000800549c       0x30 Drivers/STM32F4xx_HAL_Driver/Src/stm32f4xx_hal_gpio.o
                0x000000000800549c                HAL_GPIO_ReadPin
 .text.HAL_GPIO_WritePin
                0x00000000080054cc       0x32 Drivers/STM32F4xx_HAL_Driver/Src/stm32f4xx_hal_gpio.o
                0x00000000080054cc                HAL_GPIO_WritePin
 *fill*         0x00000000080054fe        0x2 
 .text.HAL_GPIO_EXTI_IRQHandler
                0x0000000008005500       0x30 Drivers/STM32F4xx_HAL_Driver/Src/stm32f4xx_hal_gpio.o
                0x0000000008005500                HAL_GPIO_EXTI_IRQHandler
 .text.HAL_RCC_OscConfig
                0x0000000008005530      0x4e0 Drivers/STM32F4xx_HAL_Driver/Src/stm32f4xx_hal_rcc.o
                0x0000000008005530                HAL_RCC_OscConfig
 .text.HAL_RCC_ClockConfig
                0x0000000008005a10      0x1cc Drivers/STM32F4xx_HAL_Driver/Src/stm32f4xx_hal_rcc.o
                0x0000000008005a10                HAL_RCC_ClockConfig
 .text.HAL_RCC_GetSysClockFreq
                0x0000000008005bdc      0x1ac Drivers/STM32F4xx_HAL_Driver/Src/stm32f4xx_hal_rcc.o
                0x0000000008005bdc                HAL_RCC_GetSysClockFreq
 .text.HAL_RCC_GetHCLKFreq
                0x0000000008005d88       0x18 Drivers/STM32F4xx_HAL_Driver/Src/stm32f4xx_hal_rcc.o
                0x0000000008005d88                HAL_RCC_GetHCLKFreq
 .text.HAL_RCC_GetPCLK1Freq
                0x0000000008005da0       0x28 Drivers/STM32F4xx_HAL_Driver/Src/stm32f4xx_hal_rcc.o
                0x0000000008005da0                HAL_RCC_GetPCLK1Freq
 .text.HAL_RCC_GetPCLK2Freq
                0x0000000008005dc8       0x28 Drivers/STM32F4xx_HAL_Driver/Src/stm32f4xx_hal_rcc.o
                0x0000000008005dc8                HAL_RCC_GetPCLK2Freq
 .text.HAL_SPI_Init
                0x0000000008005df0       0xc8 Drivers/STM32F4xx_HAL_Driver/Src/stm32f4xx_hal_spi.o
                0x0000000008005df0                HAL_SPI_Init
 .text.HAL_SPI_Transmit
                0x0000000008005eb8      0x268 Drivers/STM32F4xx_HAL_Driver/Src/stm32f4xx_hal_spi.o
                0x0000000008005eb8                HAL_SPI_Transmit
 .text.HAL_SPI_Receive
                0x0000000008006120      0x212 Drivers/STM32F4xx_HAL_Driver/Src/stm32f4xx_hal_spi.o
                0x0000000008006120                HAL_SPI_Receive
 .text.HAL_SPI_TransmitReceive
                0x0000000008006332      0x344 Drivers/STM32F4xx_HAL_Driver/Src/stm32f4xx_hal_spi.o
                0x0000000008006332                HAL_SPI_TransmitReceive
 .text.SPI_WaitFlagStateUntilTimeout
                0x0000000008006676       0xd4 Drivers/STM32F4xx_HAL_Driver/Src/stm32f4xx_hal_spi.o
 .text.SPI_EndRxTransaction
                0x000000000800674a       0xca Drivers/STM32F4xx_HAL_Driver/Src/stm32f4xx_hal_spi.o
 .text.SPI_EndRxTxTransaction
                0x0000000008006814       0x84 Drivers/STM32F4xx_HAL_Driver/Src/stm32f4xx_hal_spi.o
 .text.HAL_TIM_Base_Init
                0x0000000008006898       0x56 Drivers/STM32F4xx_HAL_Driver/Src/stm32f4xx_hal_tim.o
                0x0000000008006898                HAL_TIM_Base_Init
 .text.HAL_TIM_Base_Start_IT
                0x00000000080068ee       0x48 Drivers/STM32F4xx_HAL_Driver/Src/stm32f4xx_hal_tim.o
                0x00000000080068ee                HAL_TIM_Base_Start_IT
 .text.HAL_TIM_PWM_Init
                0x0000000008006936       0x56 Drivers/STM32F4xx_HAL_Driver/Src/stm32f4xx_hal_tim.o
                0x0000000008006936                HAL_TIM_PWM_Init
 .text.HAL_TIM_PWM_MspInit
                0x000000000800698c       0x14 Drivers/STM32F4xx_HAL_Driver/Src/stm32f4xx_hal_tim.o
                0x000000000800698c                HAL_TIM_PWM_MspInit
 .text.HAL_TIM_PWM_Start
                0x00000000080069a0       0x7c Drivers/STM32F4xx_HAL_Driver/Src/stm32f4xx_hal_tim.o
                0x00000000080069a0                HAL_TIM_PWM_Start
 .text.HAL_TIM_IRQHandler
                0x0000000008006a1c      0x210 Drivers/STM32F4xx_HAL_Driver/Src/stm32f4xx_hal_tim.o
                0x0000000008006a1c                HAL_TIM_IRQHandler
 .text.HAL_TIM_PWM_ConfigChannel
                0x0000000008006c2c      0x18c Drivers/STM32F4xx_HAL_Driver/Src/stm32f4xx_hal_tim.o
                0x0000000008006c2c                HAL_TIM_PWM_ConfigChannel
 .text.HAL_TIM_ConfigClockSource
                0x0000000008006db8      0x16e Drivers/STM32F4xx_HAL_Driver/Src/stm32f4xx_hal_tim.o
                0x0000000008006db8                HAL_TIM_ConfigClockSource
 .text.HAL_TIM_OC_DelayElapsedCallback
                0x0000000008006f26       0x14 Drivers/STM32F4xx_HAL_Driver/Src/stm32f4xx_hal_tim.o
                0x0000000008006f26                HAL_TIM_OC_DelayElapsedCallback
 .text.HAL_TIM_IC_CaptureCallback
                0x0000000008006f3a       0x14 Drivers/STM32F4xx_HAL_Driver/Src/stm32f4xx_hal_tim.o
                0x0000000008006f3a                HAL_TIM_IC_CaptureCallback
 .text.HAL_TIM_PWM_PulseFinishedCallback
                0x0000000008006f4e       0x14 Drivers/STM32F4xx_HAL_Driver/Src/stm32f4xx_hal_tim.o
                0x0000000008006f4e                HAL_TIM_PWM_PulseFinishedCallback
 .text.HAL_TIM_TriggerCallback
                0x0000000008006f62       0x14 Drivers/STM32F4xx_HAL_Driver/Src/stm32f4xx_hal_tim.o
                0x0000000008006f62                HAL_TIM_TriggerCallback
 *fill*         0x0000000008006f76        0x2 
 .text.TIM_Base_SetConfig
                0x0000000008006f78      0x140 Drivers/STM32F4xx_HAL_Driver/Src/stm32f4xx_hal_tim.o
                0x0000000008006f78                TIM_Base_SetConfig
 .text.TIM_OC1_SetConfig
                0x00000000080070b8       0xe0 Drivers/STM32F4xx_HAL_Driver/Src/stm32f4xx_hal_tim.o
 .text.TIM_OC2_SetConfig
                0x0000000008007198       0xec Drivers/STM32F4xx_HAL_Driver/Src/stm32f4xx_hal_tim.o
                0x0000000008007198                TIM_OC2_SetConfig
 .text.TIM_OC3_SetConfig
                0x0000000008007284       0xe8 Drivers/STM32F4xx_HAL_Driver/Src/stm32f4xx_hal_tim.o
 .text.TIM_OC4_SetConfig
                0x000000000800736c       0xac Drivers/STM32F4xx_HAL_Driver/Src/stm32f4xx_hal_tim.o
 .text.TIM_TI1_ConfigInputStage
                0x0000000008007418       0x5e Drivers/STM32F4xx_HAL_Driver/Src/stm32f4xx_hal_tim.o
 .text.TIM_TI2_ConfigInputStage
                0x0000000008007476       0x60 Drivers/STM32F4xx_HAL_Driver/Src/stm32f4xx_hal_tim.o
 .text.TIM_ITRx_SetConfig
                0x00000000080074d6       0x36 Drivers/STM32F4xx_HAL_Driver/Src/stm32f4xx_hal_tim.o
 .text.TIM_ETR_SetConfig
                0x000000000800750c       0x40 Drivers/STM32F4xx_HAL_Driver/Src/stm32f4xx_hal_tim.o
                0x000000000800750c                TIM_ETR_SetConfig
 .text.TIM_CCxChannelCmd
                0x000000000800754c       0x4a Drivers/STM32F4xx_HAL_Driver/Src/stm32f4xx_hal_tim.o
                0x000000000800754c                TIM_CCxChannelCmd
 *fill*         0x0000000008007596        0x2 
 .text.HAL_TIMEx_MasterConfigSynchronization
                0x0000000008007598       0xf8 Drivers/STM32F4xx_HAL_Driver/Src/stm32f4xx_hal_tim_ex.o
                0x0000000008007598                HAL_TIMEx_MasterConfigSynchronization
 .text.HAL_TIMEx_ConfigBreakDeadTime
                0x0000000008007690       0xa4 Drivers/STM32F4xx_HAL_Driver/Src/stm32f4xx_hal_tim_ex.o
                0x0000000008007690                HAL_TIMEx_ConfigBreakDeadTime
 .text.HAL_TIMEx_CommutCallback
                0x0000000008007734       0x14 Drivers/STM32F4xx_HAL_Driver/Src/stm32f4xx_hal_tim_ex.o
                0x0000000008007734                HAL_TIMEx_CommutCallback
 .text.HAL_TIMEx_BreakCallback
                0x0000000008007748       0x14 Drivers/STM32F4xx_HAL_Driver/Src/stm32f4xx_hal_tim_ex.o
                0x0000000008007748                HAL_TIMEx_BreakCallback
 .text.HAL_UART_Init
                0x000000000800775c       0x9a Drivers/STM32F4xx_HAL_Driver/Src/stm32f4xx_hal_uart.o
                0x000000000800775c                HAL_UART_Init
 .text.HAL_UART_Transmit
                0x00000000080077f6      0x132 Drivers/STM32F4xx_HAL_Driver/Src/stm32f4xx_hal_uart.o
                0x00000000080077f6                HAL_UART_Transmit
 .text.UART_WaitOnFlagUntilTimeout
                0x0000000008007928       0x94 Drivers/STM32F4xx_HAL_Driver/Src/stm32f4xx_hal_uart.o
 .text.UART_SetConfig
                0x00000000080079bc      0x6f8 Drivers/STM32F4xx_HAL_Driver/Src/stm32f4xx_hal_uart.o
 .text.__errno  0x00000000080080b4        0xc c:/st/stm32cubeide_1.4.0/stm32cubeide/plugins/com.st.stm32cube.ide.mcu.externaltools.gnu-tools-for-stm32.7-2018-q2-update.win32_1.4.0.202007081208/tools/bin/../lib/gcc/arm-none-eabi/7.3.1/../../../../arm-none-eabi/lib/thumb/v7e-m/fpv4-sp/hard\libc_nano.a(lib_a-errno.o)
                0x00000000080080b4                __errno
 .text.__libc_init_array
                0x00000000080080c0       0x48 c:/st/stm32cubeide_1.4.0/stm32cubeide/plugins/com.st.stm32cube.ide.mcu.externaltools.gnu-tools-for-stm32.7-2018-q2-update.win32_1.4.0.202007081208/tools/bin/../lib/gcc/arm-none-eabi/7.3.1/../../../../arm-none-eabi/lib/thumb/v7e-m/fpv4-sp/hard\libc_nano.a(lib_a-init.o)
                0x00000000080080c0                __libc_init_array
 .text.memcpy   0x0000000008008108       0x16 c:/st/stm32cubeide_1.4.0/stm32cubeide/plugins/com.st.stm32cube.ide.mcu.externaltools.gnu-tools-for-stm32.7-2018-q2-update.win32_1.4.0.202007081208/tools/bin/../lib/gcc/arm-none-eabi/7.3.1/../../../../arm-none-eabi/lib/thumb/v7e-m/fpv4-sp/hard\libc_nano.a(lib_a-memcpy-stub.o)
                0x0000000008008108                memcpy
 .text.memset   0x000000000800811e       0x10 c:/st/stm32cubeide_1.4.0/stm32cubeide/plugins/com.st.stm32cube.ide.mcu.externaltools.gnu-tools-for-stm32.7-2018-q2-update.win32_1.4.0.202007081208/tools/bin/../lib/gcc/arm-none-eabi/7.3.1/../../../../arm-none-eabi/lib/thumb/v7e-m/fpv4-sp/hard\libc_nano.a(lib_a-memset.o)
                0x000000000800811e                memset
 *fill*         0x000000000800812e        0x2 
 .text.sprintf  0x0000000008008130       0x40 c:/st/stm32cubeide_1.4.0/stm32cubeide/plugins/com.st.stm32cube.ide.mcu.externaltools.gnu-tools-for-stm32.7-2018-q2-update.win32_1.4.0.202007081208/tools/bin/../lib/gcc/arm-none-eabi/7.3.1/../../../../arm-none-eabi/lib/thumb/v7e-m/fpv4-sp/hard\libc_nano.a(lib_a-sprintf.o)
                0x0000000008008130                siprintf
                0x0000000008008130                sprintf
 .text.__ssputs_r
                0x0000000008008170       0xb4 c:/st/stm32cubeide_1.4.0/stm32cubeide/plugins/com.st.stm32cube.ide.mcu.externaltools.gnu-tools-for-stm32.7-2018-q2-update.win32_1.4.0.202007081208/tools/bin/../lib/gcc/arm-none-eabi/7.3.1/../../../../arm-none-eabi/lib/thumb/v7e-m/fpv4-sp/hard\libc_nano.a(lib_a-nano-svfprintf.o)
                0x0000000008008170                __ssputs_r
 .text._svfprintf_r
                0x0000000008008224      0x1f0 c:/st/stm32cubeide_1.4.0/stm32cubeide/plugins/com.st.stm32cube.ide.mcu.externaltools.gnu-tools-for-stm32.7-2018-q2-update.win32_1.4.0.202007081208/tools/bin/../lib/gcc/arm-none-eabi/7.3.1/../../../../arm-none-eabi/lib/thumb/v7e-m/fpv4-sp/hard\libc_nano.a(lib_a-nano-svfprintf.o)
                0x0000000008008224                _svfiprintf_r
                0x0000000008008224                _svfprintf_r
 .text._printf_common
                0x0000000008008414       0xea c:/st/stm32cubeide_1.4.0/stm32cubeide/plugins/com.st.stm32cube.ide.mcu.externaltools.gnu-tools-for-stm32.7-2018-q2-update.win32_1.4.0.202007081208/tools/bin/../lib/gcc/arm-none-eabi/7.3.1/../../../../arm-none-eabi/lib/thumb/v7e-m/fpv4-sp/hard\libc_nano.a(lib_a-nano-vfprintf_i.o)
                0x0000000008008414                _printf_common
 *fill*         0x00000000080084fe        0x2 
 .text._printf_i
                0x0000000008008500      0x224 c:/st/stm32cubeide_1.4.0/stm32cubeide/plugins/com.st.stm32cube.ide.mcu.externaltools.gnu-tools-for-stm32.7-2018-q2-update.win32_1.4.0.202007081208/tools/bin/../lib/gcc/arm-none-eabi/7.3.1/../../../../arm-none-eabi/lib/thumb/v7e-m/fpv4-sp/hard\libc_nano.a(lib_a-nano-vfprintf_i.o)
                0x0000000008008500                _printf_i
 .text.memmove  0x0000000008008724       0x32 c:/st/stm32cubeide_1.4.0/stm32cubeide/plugins/com.st.stm32cube.ide.mcu.externaltools.gnu-tools-for-stm32.7-2018-q2-update.win32_1.4.0.202007081208/tools/bin/../lib/gcc/arm-none-eabi/7.3.1/../../../../arm-none-eabi/lib/thumb/v7e-m/fpv4-sp/hard\libc_nano.a(lib_a-memmove.o)
                0x0000000008008724                memmove
 *fill*         0x0000000008008756        0x2 
 .text._free_r  0x0000000008008758       0x9c c:/st/stm32cubeide_1.4.0/stm32cubeide/plugins/com.st.stm32cube.ide.mcu.externaltools.gnu-tools-for-stm32.7-2018-q2-update.win32_1.4.0.202007081208/tools/bin/../lib/gcc/arm-none-eabi/7.3.1/../../../../arm-none-eabi/lib/thumb/v7e-m/fpv4-sp/hard\libc_nano.a(lib_a-nano-freer.o)
                0x0000000008008758                _free_r
 .text._malloc_r
                0x00000000080087f4       0xb4 c:/st/stm32cubeide_1.4.0/stm32cubeide/plugins/com.st.stm32cube.ide.mcu.externaltools.gnu-tools-for-stm32.7-2018-q2-update.win32_1.4.0.202007081208/tools/bin/../lib/gcc/arm-none-eabi/7.3.1/../../../../arm-none-eabi/lib/thumb/v7e-m/fpv4-sp/hard\libc_nano.a(lib_a-nano-mallocr.o)
                0x00000000080087f4                _malloc_r
 .text._realloc_r
                0x00000000080088a8       0x4c c:/st/stm32cubeide_1.4.0/stm32cubeide/plugins/com.st.stm32cube.ide.mcu.externaltools.gnu-tools-for-stm32.7-2018-q2-update.win32_1.4.0.202007081208/tools/bin/../lib/gcc/arm-none-eabi/7.3.1/../../../../arm-none-eabi/lib/thumb/v7e-m/fpv4-sp/hard\libc_nano.a(lib_a-nano-reallocr.o)
                0x00000000080088a8                _realloc_r
 .text._sbrk_r  0x00000000080088f4       0x20 c:/st/stm32cubeide_1.4.0/stm32cubeide/plugins/com.st.stm32cube.ide.mcu.externaltools.gnu-tools-for-stm32.7-2018-q2-update.win32_1.4.0.202007081208/tools/bin/../lib/gcc/arm-none-eabi/7.3.1/../../../../arm-none-eabi/lib/thumb/v7e-m/fpv4-sp/hard\libc_nano.a(lib_a-sbrkr.o)
                0x00000000080088f4                _sbrk_r
 .text.__malloc_lock
                0x0000000008008914        0x2 c:/st/stm32cubeide_1.4.0/stm32cubeide/plugins/com.st.stm32cube.ide.mcu.externaltools.gnu-tools-for-stm32.7-2018-q2-update.win32_1.4.0.202007081208/tools/bin/../lib/gcc/arm-none-eabi/7.3.1/../../../../arm-none-eabi/lib/thumb/v7e-m/fpv4-sp/hard\libc_nano.a(lib_a-mlock.o)
                0x0000000008008914                __malloc_lock
 .text.__malloc_unlock
                0x0000000008008916        0x2 c:/st/stm32cubeide_1.4.0/stm32cubeide/plugins/com.st.stm32cube.ide.mcu.externaltools.gnu-tools-for-stm32.7-2018-q2-update.win32_1.4.0.202007081208/tools/bin/../lib/gcc/arm-none-eabi/7.3.1/../../../../arm-none-eabi/lib/thumb/v7e-m/fpv4-sp/hard\libc_nano.a(lib_a-mlock.o)
                0x0000000008008916                __malloc_unlock
 .text._malloc_usable_size_r
                0x0000000008008918       0x10 c:/st/stm32cubeide_1.4.0/stm32cubeide/plugins/com.st.stm32cube.ide.mcu.externaltools.gnu-tools-for-stm32.7-2018-q2-update.win32_1.4.0.202007081208/tools/bin/../lib/gcc/arm-none-eabi/7.3.1/../../../../arm-none-eabi/lib/thumb/v7e-m/fpv4-sp/hard\libc_nano.a(lib_a-nano-msizer.o)
                0x0000000008008918                _malloc_usable_size_r
 .text.sqrt     0x0000000008008928       0xb4 c:/st/stm32cubeide_1.4.0/stm32cubeide/plugins/com.st.stm32cube.ide.mcu.externaltools.gnu-tools-for-stm32.7-2018-q2-update.win32_1.4.0.202007081208/tools/bin/../lib/gcc/arm-none-eabi/7.3.1/../../../../arm-none-eabi/lib/thumb/v7e-m/fpv4-sp/hard\libm.a(lib_a-w_sqrt.o)
                0x0000000008008928                sqrt
 .text.__ieee754_sqrt
                0x00000000080089dc      0x160 c:/st/stm32cubeide_1.4.0/stm32cubeide/plugins/com.st.stm32cube.ide.mcu.externaltools.gnu-tools-for-stm32.7-2018-q2-update.win32_1.4.0.202007081208/tools/bin/../lib/gcc/arm-none-eabi/7.3.1/../../../../arm-none-eabi/lib/thumb/v7e-m/fpv4-sp/hard\libm.a(lib_a-e_sqrt.o)
                0x00000000080089dc                __ieee754_sqrt
 .text.matherr  0x0000000008008b3c        0x4 c:/st/stm32cubeide_1.4.0/stm32cubeide/plugins/com.st.stm32cube.ide.mcu.externaltools.gnu-tools-for-stm32.7-2018-q2-update.win32_1.4.0.202007081208/tools/bin/../lib/gcc/arm-none-eabi/7.3.1/../../../../arm-none-eabi/lib/thumb/v7e-m/fpv4-sp/hard\libm.a(lib_a-s_matherr.o)
                0x0000000008008b3c                matherr
 *(.glue_7)
 .glue_7        0x0000000008008b40        0x0 linker stubs
 *(.glue_7t)
 .glue_7t       0x0000000008008b40        0x0 linker stubs
 *(.eh_frame)
 .eh_frame      0x0000000008008b40        0x0 c:/st/stm32cubeide_1.4.0/stm32cubeide/plugins/com.st.stm32cube.ide.mcu.externaltools.gnu-tools-for-stm32.7-2018-q2-update.win32_1.4.0.202007081208/tools/bin/../lib/gcc/arm-none-eabi/7.3.1/thumb/v7e-m/fpv4-sp/hard/crtbegin.o
 *(.init)
 .init          0x0000000008008b40        0x4 c:/st/stm32cubeide_1.4.0/stm32cubeide/plugins/com.st.stm32cube.ide.mcu.externaltools.gnu-tools-for-stm32.7-2018-q2-update.win32_1.4.0.202007081208/tools/bin/../lib/gcc/arm-none-eabi/7.3.1/thumb/v7e-m/fpv4-sp/hard/crti.o
                0x0000000008008b40                _init
 .init          0x0000000008008b44        0x8 c:/st/stm32cubeide_1.4.0/stm32cubeide/plugins/com.st.stm32cube.ide.mcu.externaltools.gnu-tools-for-stm32.7-2018-q2-update.win32_1.4.0.202007081208/tools/bin/../lib/gcc/arm-none-eabi/7.3.1/thumb/v7e-m/fpv4-sp/hard/crtn.o
 *(.fini)
 .fini          0x0000000008008b4c        0x4 c:/st/stm32cubeide_1.4.0/stm32cubeide/plugins/com.st.stm32cube.ide.mcu.externaltools.gnu-tools-for-stm32.7-2018-q2-update.win32_1.4.0.202007081208/tools/bin/../lib/gcc/arm-none-eabi/7.3.1/thumb/v7e-m/fpv4-sp/hard/crti.o
                0x0000000008008b4c                _fini
 .fini          0x0000000008008b50        0x8 c:/st/stm32cubeide_1.4.0/stm32cubeide/plugins/com.st.stm32cube.ide.mcu.externaltools.gnu-tools-for-stm32.7-2018-q2-update.win32_1.4.0.202007081208/tools/bin/../lib/gcc/arm-none-eabi/7.3.1/thumb/v7e-m/fpv4-sp/hard/crtn.o
                0x0000000008008b58                . = ALIGN (0x4)
                0x0000000008008b58                _etext = .

.vfp11_veneer   0x0000000008008b58        0x0
 .vfp11_veneer  0x0000000008008b58        0x0 linker stubs

.v4_bx          0x0000000008008b58        0x0
 .v4_bx         0x0000000008008b58        0x0 linker stubs

.iplt           0x0000000008008b58        0x0
 .iplt          0x0000000008008b58        0x0 c:/st/stm32cubeide_1.4.0/stm32cubeide/plugins/com.st.stm32cube.ide.mcu.externaltools.gnu-tools-for-stm32.7-2018-q2-update.win32_1.4.0.202007081208/tools/bin/../lib/gcc/arm-none-eabi/7.3.1/thumb/v7e-m/fpv4-sp/hard/crtbegin.o

.rodata         0x0000000008008b58      0x5a4
                0x0000000008008b58                . = ALIGN (0x4)
 *(.rodata)
 .rodata        0x0000000008008b58      0x541 Core/Src/MY_NRF24.o
 *(.rodata*)
 *fill*         0x0000000008009099        0x3 
 .rodata.NRF24_ADDR_REGS
                0x000000000800909c        0x7 Core/Src/MY_NRF24.o
 *fill*         0x00000000080090a3        0x1 
 .rodata.RF24_RX_PW_PIPE
                0x00000000080090a4        0x6 Core/Src/MY_NRF24.o
 *fill*         0x00000000080090aa        0x2 
 .rodata.AHBPrescTable
                0x00000000080090ac       0x10 Core/Src/system_stm32f4xx.o
                0x00000000080090ac                AHBPrescTable
 .rodata.APBPrescTable
                0x00000000080090bc        0x8 Core/Src/system_stm32f4xx.o
                0x00000000080090bc                APBPrescTable
 .rodata._svfprintf_r.str1.1
                0x00000000080090c4       0x11 c:/st/stm32cubeide_1.4.0/stm32cubeide/plugins/com.st.stm32cube.ide.mcu.externaltools.gnu-tools-for-stm32.7-2018-q2-update.win32_1.4.0.202007081208/tools/bin/../lib/gcc/arm-none-eabi/7.3.1/../../../../arm-none-eabi/lib/thumb/v7e-m/fpv4-sp/hard\libc_nano.a(lib_a-nano-svfprintf.o)
 .rodata._printf_i.str1.1
                0x00000000080090d5       0x22 c:/st/stm32cubeide_1.4.0/stm32cubeide/plugins/com.st.stm32cube.ide.mcu.externaltools.gnu-tools-for-stm32.7-2018-q2-update.win32_1.4.0.202007081208/tools/bin/../lib/gcc/arm-none-eabi/7.3.1/../../../../arm-none-eabi/lib/thumb/v7e-m/fpv4-sp/hard\libc_nano.a(lib_a-nano-vfprintf_i.o)
 .rodata.sqrt.str1.1
                0x00000000080090f7        0x5 c:/st/stm32cubeide_1.4.0/stm32cubeide/plugins/com.st.stm32cube.ide.mcu.externaltools.gnu-tools-for-stm32.7-2018-q2-update.win32_1.4.0.202007081208/tools/bin/../lib/gcc/arm-none-eabi/7.3.1/../../../../arm-none-eabi/lib/thumb/v7e-m/fpv4-sp/hard\libm.a(lib_a-w_sqrt.o)
                0x00000000080090fc                . = ALIGN (0x4)

.ARM.extab      0x00000000080090fc        0x0
                0x00000000080090fc                . = ALIGN (0x4)
 *(.ARM.extab* .gnu.linkonce.armextab.*)
                0x00000000080090fc                . = ALIGN (0x4)

.ARM            0x00000000080090fc        0x8
                0x00000000080090fc                . = ALIGN (0x4)
                0x00000000080090fc                __exidx_start = .
 *(.ARM.exidx*)
 .ARM.exidx     0x00000000080090fc        0x8 c:/st/stm32cubeide_1.4.0/stm32cubeide/plugins/com.st.stm32cube.ide.mcu.externaltools.gnu-tools-for-stm32.7-2018-q2-update.win32_1.4.0.202007081208/tools/bin/../lib/gcc/arm-none-eabi/7.3.1/thumb/v7e-m/fpv4-sp/hard\libgcc.a(_udivmoddi4.o)
                0x0000000008009104                __exidx_end = .
                0x0000000008009104                . = ALIGN (0x4)

.rel.dyn        0x0000000008009104        0x0
 .rel.iplt      0x0000000008009104        0x0 c:/st/stm32cubeide_1.4.0/stm32cubeide/plugins/com.st.stm32cube.ide.mcu.externaltools.gnu-tools-for-stm32.7-2018-q2-update.win32_1.4.0.202007081208/tools/bin/../lib/gcc/arm-none-eabi/7.3.1/thumb/v7e-m/fpv4-sp/hard/crtbegin.o

.preinit_array  0x0000000008009104        0x0
                0x0000000008009104                . = ALIGN (0x4)
                0x0000000008009104                PROVIDE (__preinit_array_start = .)
 *(.preinit_array*)
                0x0000000008009104                PROVIDE (__preinit_array_end = .)
                0x0000000008009104                . = ALIGN (0x4)

.init_array     0x0000000008009104        0x4
                0x0000000008009104                . = ALIGN (0x4)
                0x0000000008009104                PROVIDE (__init_array_start = .)
 *(SORT_BY_NAME(.init_array.*))
 *(.init_array*)
 .init_array    0x0000000008009104        0x4 c:/st/stm32cubeide_1.4.0/stm32cubeide/plugins/com.st.stm32cube.ide.mcu.externaltools.gnu-tools-for-stm32.7-2018-q2-update.win32_1.4.0.202007081208/tools/bin/../lib/gcc/arm-none-eabi/7.3.1/thumb/v7e-m/fpv4-sp/hard/crtbegin.o
                0x0000000008009108                PROVIDE (__init_array_end = .)
                0x0000000008009108                . = ALIGN (0x4)

.fini_array     0x0000000008009108        0x4
                0x0000000008009108                . = ALIGN (0x4)
                [!provide]                        PROVIDE (__fini_array_start = .)
 *(SORT_BY_NAME(.fini_array.*))
 *(.fini_array*)
 .fini_array    0x0000000008009108        0x4 c:/st/stm32cubeide_1.4.0/stm32cubeide/plugins/com.st.stm32cube.ide.mcu.externaltools.gnu-tools-for-stm32.7-2018-q2-update.win32_1.4.0.202007081208/tools/bin/../lib/gcc/arm-none-eabi/7.3.1/thumb/v7e-m/fpv4-sp/hard/crtbegin.o
                [!provide]                        PROVIDE (__fini_array_end = .)
                0x000000000800910c                . = ALIGN (0x4)
                0x000000000800910c                _sidata = LOADADDR (.data)

.data           0x0000000020000000       0x84 load address 0x000000000800910c
                0x0000000020000000                . = ALIGN (0x4)
                0x0000000020000000                _sdata = .
 *(.data)
 *(.data*)
 .data.pwm_M    0x0000000020000000        0x4 Core/Src/main.o
                0x0000000020000000                pwm_M
 *fill*         0x0000000020000004        0x4 
 .data.RxpipeAddrs
                0x0000000020000008        0x8 Core/Src/main.o
                0x0000000020000008                RxpipeAddrs
 .data.SystemCoreClock
                0x0000000020000010        0x4 Core/Src/system_stm32f4xx.o
                0x0000000020000010                SystemCoreClock
 .data.uwTickPrio
                0x0000000020000014        0x4 Drivers/STM32F4xx_HAL_Driver/Src/stm32f4xx_hal.o
                0x0000000020000014                uwTickPrio
 .data.uwTickFreq
                0x0000000020000018        0x1 Drivers/STM32F4xx_HAL_Driver/Src/stm32f4xx_hal.o
                0x0000000020000018                uwTickFreq
 *fill*         0x0000000020000019        0x3 
 .data._impure_ptr
                0x000000002000001c        0x4 c:/st/stm32cubeide_1.4.0/stm32cubeide/plugins/com.st.stm32cube.ide.mcu.externaltools.gnu-tools-for-stm32.7-2018-q2-update.win32_1.4.0.202007081208/tools/bin/../lib/gcc/arm-none-eabi/7.3.1/../../../../arm-none-eabi/lib/thumb/v7e-m/fpv4-sp/hard\libc_nano.a(lib_a-impure.o)
                0x000000002000001c                _impure_ptr
 .data.impure_data
                0x0000000020000020       0x60 c:/st/stm32cubeide_1.4.0/stm32cubeide/plugins/com.st.stm32cube.ide.mcu.externaltools.gnu-tools-for-stm32.7-2018-q2-update.win32_1.4.0.202007081208/tools/bin/../lib/gcc/arm-none-eabi/7.3.1/../../../../arm-none-eabi/lib/thumb/v7e-m/fpv4-sp/hard\libc_nano.a(lib_a-impure.o)
 .data.__fdlib_version
                0x0000000020000080        0x1 c:/st/stm32cubeide_1.4.0/stm32cubeide/plugins/com.st.stm32cube.ide.mcu.externaltools.gnu-tools-for-stm32.7-2018-q2-update.win32_1.4.0.202007081208/tools/bin/../lib/gcc/arm-none-eabi/7.3.1/../../../../arm-none-eabi/lib/thumb/v7e-m/fpv4-sp/hard\libm.a(lib_a-s_lib_ver.o)
                0x0000000020000080                __fdlib_version
                0x0000000020000084                . = ALIGN (0x4)
 *fill*         0x0000000020000081        0x3 
                0x0000000020000084                _edata = .

.igot.plt       0x0000000020000084        0x0 load address 0x0000000008009190
 .igot.plt      0x0000000020000084        0x0 c:/st/stm32cubeide_1.4.0/stm32cubeide/plugins/com.st.stm32cube.ide.mcu.externaltools.gnu-tools-for-stm32.7-2018-q2-update.win32_1.4.0.202007081208/tools/bin/../lib/gcc/arm-none-eabi/7.3.1/thumb/v7e-m/fpv4-sp/hard/crtbegin.o
                0x0000000020000084                . = ALIGN (0x4)

.bss            0x0000000020000088      0x4c4 load address 0x0000000008009190
                0x0000000020000088                _sbss = .
                0x0000000020000088                __bss_start__ = _sbss
 *(.bss)
 .bss           0x0000000020000088       0x1c c:/st/stm32cubeide_1.4.0/stm32cubeide/plugins/com.st.stm32cube.ide.mcu.externaltools.gnu-tools-for-stm32.7-2018-q2-update.win32_1.4.0.202007081208/tools/bin/../lib/gcc/arm-none-eabi/7.3.1/thumb/v7e-m/fpv4-sp/hard/crtbegin.o
 *(.bss*)
 *fill*         0x00000000200000a4        0x4 
 .bss.pipe0_reading_address
                0x00000000200000a8        0x8 Core/Src/MY_NRF24.o
 .bss.payload_size
                0x00000000200000b0        0x1 Core/Src/MY_NRF24.o
 .bss.dynamic_payloads_enabled
                0x00000000200000b1        0x1 Core/Src/MY_NRF24.o
 .bss.wide_band
                0x00000000200000b2        0x1 Core/Src/MY_NRF24.o
 *fill*         0x00000000200000b3        0x1 
 .bss.nrf24_PORT
                0x00000000200000b4        0x4 Core/Src/MY_NRF24.o
 .bss.nrf24_CSN_PIN
                0x00000000200000b8        0x2 Core/Src/MY_NRF24.o
 .bss.nrf24_CE_PIN
                0x00000000200000ba        0x2 Core/Src/MY_NRF24.o
 .bss.nrf24_hspi
                0x00000000200000bc       0x58 Core/Src/MY_NRF24.o
 .bss.nrf24_huart
                0x0000000020000114       0x40 Core/Src/MY_NRF24.o
 .bss.Motor1_speed
                0x0000000020000154        0x4 Core/Src/main.o
                0x0000000020000154                Motor1_speed
 .bss.Motor2_speed
                0x0000000020000158        0x4 Core/Src/main.o
                0x0000000020000158                Motor2_speed
 .bss.Motor3_speed
                0x000000002000015c        0x4 Core/Src/main.o
                0x000000002000015c                Motor3_speed
 .bss.Motor4_speed
                0x0000000020000160        0x4 Core/Src/main.o
                0x0000000020000160                Motor4_speed
 .bss.V1        0x0000000020000164        0x4 Core/Src/main.o
                0x0000000020000164                V1
 .bss.V2        0x0000000020000168        0x4 Core/Src/main.o
                0x0000000020000168                V2
 .bss.V3        0x000000002000016c        0x4 Core/Src/main.o
                0x000000002000016c                V3
 .bss.V4        0x0000000020000170        0x4 Core/Src/main.o
                0x0000000020000170                V4
 .bss.pwm_M1    0x0000000020000174        0x4 Core/Src/main.o
                0x0000000020000174                pwm_M1
 .bss.pwm_M2    0x0000000020000178        0x4 Core/Src/main.o
                0x0000000020000178                pwm_M2
 .bss.pwm_M3    0x000000002000017c        0x4 Core/Src/main.o
                0x000000002000017c                pwm_M3
 .bss.pwm_M4    0x0000000020000180        0x4 Core/Src/main.o
                0x0000000020000180                pwm_M4
 .bss.pwm_cnt   0x0000000020000184        0x4 Core/Src/main.o
                0x0000000020000184                pwm_cnt
 .bss.BTN       0x0000000020000188        0x1 Core/Src/main.o
                0x0000000020000188                BTN
 .bss.limit_under
                0x0000000020000189        0x1 Core/Src/main.o
                0x0000000020000189                limit_under
 .bss.homing_stepper_under
                0x000000002000018a        0x1 Core/Src/main.o
                0x000000002000018a                homing_stepper_under
 .bss.limit_upper
                0x000000002000018b        0x1 Core/Src/main.o
                0x000000002000018b                limit_upper
 .bss.homing_stepper_upper
                0x000000002000018c        0x1 Core/Src/main.o
                0x000000002000018c                homing_stepper_upper
 .bss.B_xi      0x000000002000018d        0x1 Core/Src/main.o
                0x000000002000018d                B_xi
 .bss.B_xo      0x000000002000018e        0x1 Core/Src/main.o
                0x000000002000018e                B_xo
 .bss.B_x_0     0x000000002000018f        0x1 Core/Src/main.o
                0x000000002000018f                B_x_0
 .bss.B_yi      0x0000000020000190        0x1 Core/Src/main.o
                0x0000000020000190                B_yi
 .bss.B_yo      0x0000000020000191        0x1 Core/Src/main.o
                0x0000000020000191                B_yo
 .bss.moveTo_mode
                0x0000000020000192        0x1 Core/Src/main.o
                0x0000000020000192                moveTo_mode
 *fill*         0x0000000020000193        0x1 
 .bss.__sbrk_heap_end
                0x0000000020000194        0x4 Core/Src/sysmem.o
 .bss.__malloc_free_list
                0x0000000020000198        0x4 c:/st/stm32cubeide_1.4.0/stm32cubeide/plugins/com.st.stm32cube.ide.mcu.externaltools.gnu-tools-for-stm32.7-2018-q2-update.win32_1.4.0.202007081208/tools/bin/../lib/gcc/arm-none-eabi/7.3.1/../../../../arm-none-eabi/lib/thumb/v7e-m/fpv4-sp/hard\libc_nano.a(lib_a-nano-mallocr.o)
                0x0000000020000198                __malloc_free_list
 .bss.__malloc_sbrk_start
                0x000000002000019c        0x4 c:/st/stm32cubeide_1.4.0/stm32cubeide/plugins/com.st.stm32cube.ide.mcu.externaltools.gnu-tools-for-stm32.7-2018-q2-update.win32_1.4.0.202007081208/tools/bin/../lib/gcc/arm-none-eabi/7.3.1/../../../../arm-none-eabi/lib/thumb/v7e-m/fpv4-sp/hard\libc_nano.a(lib_a-nano-mallocr.o)
                0x000000002000019c                __malloc_sbrk_start
 *(COMMON)
 COMMON         0x00000000200001a0      0x1cc Core/Src/main.o
                0x00000000200001a0                rdps
                0x00000000200001b0                stepper_under
                0x0000000020000208                speedM
                0x0000000020000218                M_up
                0x000000002000021c                count_state
                0x0000000020000220                omega1
                0x0000000020000224                cnt
                0x000000002000022c                vx1
                0x0000000020000230                Enc_count
                0x0000000020000238                myRxData
                0x0000000020000244                vx
                0x0000000020000248                nowB
                0x000000002000024c                new_count
                0x0000000020000254                M_down
                0x0000000020000258                vy
                0x000000002000025c                lastA
                0x0000000020000260                dir
                0x0000000020000264                count
                0x000000002000026c                nowA
                0x0000000020000270                vy1
                0x0000000020000274                diff
                0x000000002000027c                omega
                0x0000000020000280                stepper_upper
                0x00000000200002d8                lastB
                0x00000000200002dc                MPID
 COMMON         0x000000002000036c       0x58 Core/Src/spi.o
                0x000000002000036c                hspi1
 COMMON         0x00000000200003c4      0x140 Core/Src/tim.o
                0x00000000200003c4                htim4
                0x0000000020000404                htim3
                0x0000000020000444                htim1
                0x0000000020000484                htim9
                0x00000000200004c4                htim7
 COMMON         0x0000000020000504       0x40 Core/Src/usart.o
                0x0000000020000504                huart1
 COMMON         0x0000000020000544        0x4 Drivers/STM32F4xx_HAL_Driver/Src/stm32f4xx_hal.o
                0x0000000020000544                uwTick
 COMMON         0x0000000020000548        0x4 c:/st/stm32cubeide_1.4.0/stm32cubeide/plugins/com.st.stm32cube.ide.mcu.externaltools.gnu-tools-for-stm32.7-2018-q2-update.win32_1.4.0.202007081208/tools/bin/../lib/gcc/arm-none-eabi/7.3.1/../../../../arm-none-eabi/lib/thumb/v7e-m/fpv4-sp/hard\libc_nano.a(lib_a-reent.o)
                0x0000000020000548                errno
                0x000000002000054c                . = ALIGN (0x4)
                0x000000002000054c                _ebss = .
                0x000000002000054c                __bss_end__ = _ebss

._user_heap_stack
                0x000000002000054c      0x604 load address 0x0000000008009190
                0x0000000020000550                . = ALIGN (0x8)
 *fill*         0x000000002000054c        0x4 
                [!provide]                        PROVIDE (end = .)
                0x0000000020000550                PROVIDE (_end = .)
                0x0000000020000750                . = (. + _Min_Heap_Size)
 *fill*         0x0000000020000550      0x200 
                0x0000000020000b50                . = (. + _Min_Stack_Size)
 *fill*         0x0000000020000750      0x400 
                0x0000000020000b50                . = ALIGN (0x8)

/DISCARD/
 libc.a(*)
 libm.a(*)
 libgcc.a(*)

.ARM.attributes
                0x0000000000000000       0x30
 *(.ARM.attributes)
 .ARM.attributes
                0x0000000000000000       0x22 c:/st/stm32cubeide_1.4.0/stm32cubeide/plugins/com.st.stm32cube.ide.mcu.externaltools.gnu-tools-for-stm32.7-2018-q2-update.win32_1.4.0.202007081208/tools/bin/../lib/gcc/arm-none-eabi/7.3.1/thumb/v7e-m/fpv4-sp/hard/crti.o
 .ARM.attributes
                0x0000000000000022       0x34 c:/st/stm32cubeide_1.4.0/stm32cubeide/plugins/com.st.stm32cube.ide.mcu.externaltools.gnu-tools-for-stm32.7-2018-q2-update.win32_1.4.0.202007081208/tools/bin/../lib/gcc/arm-none-eabi/7.3.1/thumb/v7e-m/fpv4-sp/hard/crtbegin.o
 .ARM.attributes
                0x0000000000000056       0x39 Core/Src/AccelStepper.o
 .ARM.attributes
                0x000000000000008f       0x39 Core/Src/MY_NRF24.o
 .ARM.attributes
                0x00000000000000c8       0x39 Core/Src/PID.o
 .ARM.attributes
                0x0000000000000101       0x39 Core/Src/gpio.o
 .ARM.attributes
                0x000000000000013a       0x39 Core/Src/main.o
 .ARM.attributes
                0x0000000000000173       0x39 Core/Src/omni_wheel.o
 .ARM.attributes
                0x00000000000001ac       0x39 Core/Src/spi.o
 .ARM.attributes
                0x00000000000001e5       0x39 Core/Src/stm32f4xx_hal_msp.o
 .ARM.attributes
                0x000000000000021e       0x39 Core/Src/stm32f4xx_it.o
 .ARM.attributes
                0x0000000000000257       0x39 Core/Src/sysmem.o
 .ARM.attributes
                0x0000000000000290       0x39 Core/Src/system_stm32f4xx.o
 .ARM.attributes
                0x00000000000002c9       0x39 Core/Src/tim.o
 .ARM.attributes
                0x0000000000000302       0x39 Core/Src/usart.o
 .ARM.attributes
                0x000000000000033b       0x21 Core/Startup/startup_stm32f407vetx.o
 .ARM.attributes
                0x000000000000035c       0x39 Drivers/STM32F4xx_HAL_Driver/Src/stm32f4xx_hal.o
 .ARM.attributes
                0x0000000000000395       0x39 Drivers/STM32F4xx_HAL_Driver/Src/stm32f4xx_hal_cortex.o
 .ARM.attributes
                0x00000000000003ce       0x39 Drivers/STM32F4xx_HAL_Driver/Src/stm32f4xx_hal_gpio.o
 .ARM.attributes
                0x0000000000000407       0x39 Drivers/STM32F4xx_HAL_Driver/Src/stm32f4xx_hal_rcc.o
 .ARM.attributes
                0x0000000000000440       0x39 Drivers/STM32F4xx_HAL_Driver/Src/stm32f4xx_hal_spi.o
 .ARM.attributes
                0x0000000000000479       0x39 Drivers/STM32F4xx_HAL_Driver/Src/stm32f4xx_hal_tim.o
 .ARM.attributes
                0x00000000000004b2       0x39 Drivers/STM32F4xx_HAL_Driver/Src/stm32f4xx_hal_tim_ex.o
 .ARM.attributes
                0x00000000000004eb       0x39 Drivers/STM32F4xx_HAL_Driver/Src/stm32f4xx_hal_uart.o
 .ARM.attributes
                0x0000000000000524       0x34 c:/st/stm32cubeide_1.4.0/stm32cubeide/plugins/com.st.stm32cube.ide.mcu.externaltools.gnu-tools-for-stm32.7-2018-q2-update.win32_1.4.0.202007081208/tools/bin/../lib/gcc/arm-none-eabi/7.3.1/../../../../arm-none-eabi/lib/thumb/v7e-m/fpv4-sp/hard\libc_nano.a(lib_a-errno.o)
 .ARM.attributes
                0x0000000000000558       0x34 c:/st/stm32cubeide_1.4.0/stm32cubeide/plugins/com.st.stm32cube.ide.mcu.externaltools.gnu-tools-for-stm32.7-2018-q2-update.win32_1.4.0.202007081208/tools/bin/../lib/gcc/arm-none-eabi/7.3.1/../../../../arm-none-eabi/lib/thumb/v7e-m/fpv4-sp/hard\libc_nano.a(lib_a-impure.o)
 .ARM.attributes
                0x000000000000058c       0x34 c:/st/stm32cubeide_1.4.0/stm32cubeide/plugins/com.st.stm32cube.ide.mcu.externaltools.gnu-tools-for-stm32.7-2018-q2-update.win32_1.4.0.202007081208/tools/bin/../lib/gcc/arm-none-eabi/7.3.1/../../../../arm-none-eabi/lib/thumb/v7e-m/fpv4-sp/hard\libc_nano.a(lib_a-init.o)
 .ARM.attributes
                0x00000000000005c0       0x34 c:/st/stm32cubeide_1.4.0/stm32cubeide/plugins/com.st.stm32cube.ide.mcu.externaltools.gnu-tools-for-stm32.7-2018-q2-update.win32_1.4.0.202007081208/tools/bin/../lib/gcc/arm-none-eabi/7.3.1/../../../../arm-none-eabi/lib/thumb/v7e-m/fpv4-sp/hard\libc_nano.a(lib_a-memcpy-stub.o)
 .ARM.attributes
                0x00000000000005f4       0x34 c:/st/stm32cubeide_1.4.0/stm32cubeide/plugins/com.st.stm32cube.ide.mcu.externaltools.gnu-tools-for-stm32.7-2018-q2-update.win32_1.4.0.202007081208/tools/bin/../lib/gcc/arm-none-eabi/7.3.1/../../../../arm-none-eabi/lib/thumb/v7e-m/fpv4-sp/hard\libc_nano.a(lib_a-memset.o)
 .ARM.attributes
                0x0000000000000628       0x34 c:/st/stm32cubeide_1.4.0/stm32cubeide/plugins/com.st.stm32cube.ide.mcu.externaltools.gnu-tools-for-stm32.7-2018-q2-update.win32_1.4.0.202007081208/tools/bin/../lib/gcc/arm-none-eabi/7.3.1/../../../../arm-none-eabi/lib/thumb/v7e-m/fpv4-sp/hard\libc_nano.a(lib_a-sprintf.o)
 .ARM.attributes
                0x000000000000065c       0x1b c:/st/stm32cubeide_1.4.0/stm32cubeide/plugins/com.st.stm32cube.ide.mcu.externaltools.gnu-tools-for-stm32.7-2018-q2-update.win32_1.4.0.202007081208/tools/bin/../lib/gcc/arm-none-eabi/7.3.1/../../../../arm-none-eabi/lib/thumb/v7e-m/fpv4-sp/hard\libc_nano.a(lib_a-strlen.o)
 .ARM.attributes
                0x0000000000000677       0x34 c:/st/stm32cubeide_1.4.0/stm32cubeide/plugins/com.st.stm32cube.ide.mcu.externaltools.gnu-tools-for-stm32.7-2018-q2-update.win32_1.4.0.202007081208/tools/bin/../lib/gcc/arm-none-eabi/7.3.1/../../../../arm-none-eabi/lib/thumb/v7e-m/fpv4-sp/hard\libc_nano.a(lib_a-nano-svfprintf.o)
 .ARM.attributes
                0x00000000000006ab       0x34 c:/st/stm32cubeide_1.4.0/stm32cubeide/plugins/com.st.stm32cube.ide.mcu.externaltools.gnu-tools-for-stm32.7-2018-q2-update.win32_1.4.0.202007081208/tools/bin/../lib/gcc/arm-none-eabi/7.3.1/../../../../arm-none-eabi/lib/thumb/v7e-m/fpv4-sp/hard\libc_nano.a(lib_a-nano-vfprintf_i.o)
 .ARM.attributes
                0x00000000000006df       0x20 c:/st/stm32cubeide_1.4.0/stm32cubeide/plugins/com.st.stm32cube.ide.mcu.externaltools.gnu-tools-for-stm32.7-2018-q2-update.win32_1.4.0.202007081208/tools/bin/../lib/gcc/arm-none-eabi/7.3.1/../../../../arm-none-eabi/lib/thumb/v7e-m/fpv4-sp/hard\libc_nano.a(lib_a-memchr.o)
 .ARM.attributes
                0x00000000000006ff       0x34 c:/st/stm32cubeide_1.4.0/stm32cubeide/plugins/com.st.stm32cube.ide.mcu.externaltools.gnu-tools-for-stm32.7-2018-q2-update.win32_1.4.0.202007081208/tools/bin/../lib/gcc/arm-none-eabi/7.3.1/../../../../arm-none-eabi/lib/thumb/v7e-m/fpv4-sp/hard\libc_nano.a(lib_a-memmove.o)
 .ARM.attributes
                0x0000000000000733       0x34 c:/st/stm32cubeide_1.4.0/stm32cubeide/plugins/com.st.stm32cube.ide.mcu.externaltools.gnu-tools-for-stm32.7-2018-q2-update.win32_1.4.0.202007081208/tools/bin/../lib/gcc/arm-none-eabi/7.3.1/../../../../arm-none-eabi/lib/thumb/v7e-m/fpv4-sp/hard\libc_nano.a(lib_a-nano-freer.o)
 .ARM.attributes
                0x0000000000000767       0x34 c:/st/stm32cubeide_1.4.0/stm32cubeide/plugins/com.st.stm32cube.ide.mcu.externaltools.gnu-tools-for-stm32.7-2018-q2-update.win32_1.4.0.202007081208/tools/bin/../lib/gcc/arm-none-eabi/7.3.1/../../../../arm-none-eabi/lib/thumb/v7e-m/fpv4-sp/hard\libc_nano.a(lib_a-nano-mallocr.o)
 .ARM.attributes
                0x000000000000079b       0x34 c:/st/stm32cubeide_1.4.0/stm32cubeide/plugins/com.st.stm32cube.ide.mcu.externaltools.gnu-tools-for-stm32.7-2018-q2-update.win32_1.4.0.202007081208/tools/bin/../lib/gcc/arm-none-eabi/7.3.1/../../../../arm-none-eabi/lib/thumb/v7e-m/fpv4-sp/hard\libc_nano.a(lib_a-nano-reallocr.o)
 .ARM.attributes
                0x00000000000007cf       0x34 c:/st/stm32cubeide_1.4.0/stm32cubeide/plugins/com.st.stm32cube.ide.mcu.externaltools.gnu-tools-for-stm32.7-2018-q2-update.win32_1.4.0.202007081208/tools/bin/../lib/gcc/arm-none-eabi/7.3.1/../../../../arm-none-eabi/lib/thumb/v7e-m/fpv4-sp/hard\libc_nano.a(lib_a-sbrkr.o)
 .ARM.attributes
                0x0000000000000803       0x34 c:/st/stm32cubeide_1.4.0/stm32cubeide/plugins/com.st.stm32cube.ide.mcu.externaltools.gnu-tools-for-stm32.7-2018-q2-update.win32_1.4.0.202007081208/tools/bin/../lib/gcc/arm-none-eabi/7.3.1/../../../../arm-none-eabi/lib/thumb/v7e-m/fpv4-sp/hard\libc_nano.a(lib_a-mlock.o)
 .ARM.attributes
                0x0000000000000837       0x34 c:/st/stm32cubeide_1.4.0/stm32cubeide/plugins/com.st.stm32cube.ide.mcu.externaltools.gnu-tools-for-stm32.7-2018-q2-update.win32_1.4.0.202007081208/tools/bin/../lib/gcc/arm-none-eabi/7.3.1/../../../../arm-none-eabi/lib/thumb/v7e-m/fpv4-sp/hard\libc_nano.a(lib_a-nano-msizer.o)
 .ARM.attributes
                0x000000000000086b       0x34 c:/st/stm32cubeide_1.4.0/stm32cubeide/plugins/com.st.stm32cube.ide.mcu.externaltools.gnu-tools-for-stm32.7-2018-q2-update.win32_1.4.0.202007081208/tools/bin/../lib/gcc/arm-none-eabi/7.3.1/../../../../arm-none-eabi/lib/thumb/v7e-m/fpv4-sp/hard\libc_nano.a(lib_a-reent.o)
 .ARM.attributes
                0x000000000000089f       0x34 c:/st/stm32cubeide_1.4.0/stm32cubeide/plugins/com.st.stm32cube.ide.mcu.externaltools.gnu-tools-for-stm32.7-2018-q2-update.win32_1.4.0.202007081208/tools/bin/../lib/gcc/arm-none-eabi/7.3.1/../../../../arm-none-eabi/lib/thumb/v7e-m/fpv4-sp/hard\libm.a(lib_a-w_sqrt.o)
 .ARM.attributes
                0x00000000000008d3       0x34 c:/st/stm32cubeide_1.4.0/stm32cubeide/plugins/com.st.stm32cube.ide.mcu.externaltools.gnu-tools-for-stm32.7-2018-q2-update.win32_1.4.0.202007081208/tools/bin/../lib/gcc/arm-none-eabi/7.3.1/../../../../arm-none-eabi/lib/thumb/v7e-m/fpv4-sp/hard\libm.a(lib_a-e_sqrt.o)
 .ARM.attributes
                0x0000000000000907       0x34 c:/st/stm32cubeide_1.4.0/stm32cubeide/plugins/com.st.stm32cube.ide.mcu.externaltools.gnu-tools-for-stm32.7-2018-q2-update.win32_1.4.0.202007081208/tools/bin/../lib/gcc/arm-none-eabi/7.3.1/../../../../arm-none-eabi/lib/thumb/v7e-m/fpv4-sp/hard\libm.a(lib_a-s_lib_ver.o)
 .ARM.attributes
                0x000000000000093b       0x34 c:/st/stm32cubeide_1.4.0/stm32cubeide/plugins/com.st.stm32cube.ide.mcu.externaltools.gnu-tools-for-stm32.7-2018-q2-update.win32_1.4.0.202007081208/tools/bin/../lib/gcc/arm-none-eabi/7.3.1/../../../../arm-none-eabi/lib/thumb/v7e-m/fpv4-sp/hard\libm.a(lib_a-s_matherr.o)
 .ARM.attributes
                0x000000000000096f       0x22 c:/st/stm32cubeide_1.4.0/stm32cubeide/plugins/com.st.stm32cube.ide.mcu.externaltools.gnu-tools-for-stm32.7-2018-q2-update.win32_1.4.0.202007081208/tools/bin/../lib/gcc/arm-none-eabi/7.3.1/thumb/v7e-m/fpv4-sp/hard\libgcc.a(_arm_addsubdf3.o)
 .ARM.attributes
                0x0000000000000991       0x22 c:/st/stm32cubeide_1.4.0/stm32cubeide/plugins/com.st.stm32cube.ide.mcu.externaltools.gnu-tools-for-stm32.7-2018-q2-update.win32_1.4.0.202007081208/tools/bin/../lib/gcc/arm-none-eabi/7.3.1/thumb/v7e-m/fpv4-sp/hard\libgcc.a(_arm_muldivdf3.o)
 .ARM.attributes
                0x00000000000009b3       0x22 c:/st/stm32cubeide_1.4.0/stm32cubeide/plugins/com.st.stm32cube.ide.mcu.externaltools.gnu-tools-for-stm32.7-2018-q2-update.win32_1.4.0.202007081208/tools/bin/../lib/gcc/arm-none-eabi/7.3.1/thumb/v7e-m/fpv4-sp/hard\libgcc.a(_arm_cmpdf2.o)
 .ARM.attributes
                0x00000000000009d5       0x22 c:/st/stm32cubeide_1.4.0/stm32cubeide/plugins/com.st.stm32cube.ide.mcu.externaltools.gnu-tools-for-stm32.7-2018-q2-update.win32_1.4.0.202007081208/tools/bin/../lib/gcc/arm-none-eabi/7.3.1/thumb/v7e-m/fpv4-sp/hard\libgcc.a(_arm_unorddf2.o)
 .ARM.attributes
                0x00000000000009f7       0x22 c:/st/stm32cubeide_1.4.0/stm32cubeide/plugins/com.st.stm32cube.ide.mcu.externaltools.gnu-tools-for-stm32.7-2018-q2-update.win32_1.4.0.202007081208/tools/bin/../lib/gcc/arm-none-eabi/7.3.1/thumb/v7e-m/fpv4-sp/hard\libgcc.a(_arm_fixdfsi.o)
 .ARM.attributes
                0x0000000000000a19       0x22 c:/st/stm32cubeide_1.4.0/stm32cubeide/plugins/com.st.stm32cube.ide.mcu.externaltools.gnu-tools-for-stm32.7-2018-q2-update.win32_1.4.0.202007081208/tools/bin/../lib/gcc/arm-none-eabi/7.3.1/thumb/v7e-m/fpv4-sp/hard\libgcc.a(_arm_fixunsdfsi.o)
 .ARM.attributes
                0x0000000000000a3b       0x22 c:/st/stm32cubeide_1.4.0/stm32cubeide/plugins/com.st.stm32cube.ide.mcu.externaltools.gnu-tools-for-stm32.7-2018-q2-update.win32_1.4.0.202007081208/tools/bin/../lib/gcc/arm-none-eabi/7.3.1/thumb/v7e-m/fpv4-sp/hard\libgcc.a(_arm_truncdfsf2.o)
 .ARM.attributes
                0x0000000000000a5d       0x22 c:/st/stm32cubeide_1.4.0/stm32cubeide/plugins/com.st.stm32cube.ide.mcu.externaltools.gnu-tools-for-stm32.7-2018-q2-update.win32_1.4.0.202007081208/tools/bin/../lib/gcc/arm-none-eabi/7.3.1/thumb/v7e-m/fpv4-sp/hard\libgcc.a(_aeabi_uldivmod.o)
 .ARM.attributes
                0x0000000000000a7f       0x34 c:/st/stm32cubeide_1.4.0/stm32cubeide/plugins/com.st.stm32cube.ide.mcu.externaltools.gnu-tools-for-stm32.7-2018-q2-update.win32_1.4.0.202007081208/tools/bin/../lib/gcc/arm-none-eabi/7.3.1/thumb/v7e-m/fpv4-sp/hard\libgcc.a(_udivmoddi4.o)
 .ARM.attributes
                0x0000000000000ab3       0x22 c:/st/stm32cubeide_1.4.0/stm32cubeide/plugins/com.st.stm32cube.ide.mcu.externaltools.gnu-tools-for-stm32.7-2018-q2-update.win32_1.4.0.202007081208/tools/bin/../lib/gcc/arm-none-eabi/7.3.1/thumb/v7e-m/fpv4-sp/hard\libgcc.a(_dvmd_tls.o)
 .ARM.attributes
                0x0000000000000ad5       0x22 c:/st/stm32cubeide_1.4.0/stm32cubeide/plugins/com.st.stm32cube.ide.mcu.externaltools.gnu-tools-for-stm32.7-2018-q2-update.win32_1.4.0.202007081208/tools/bin/../lib/gcc/arm-none-eabi/7.3.1/thumb/v7e-m/fpv4-sp/hard/crtn.o
OUTPUT(R2_robot.elf elf32-littlearm)

.debug_info     0x0000000000000000    0x127c3
 .debug_info    0x0000000000000000     0x154c Core/Src/AccelStepper.o
 .debug_info    0x000000000000154c     0x1df8 Core/Src/MY_NRF24.o
 .debug_info    0x0000000000003344      0x1c2 Core/Src/PID.o
 .debug_info    0x0000000000003506      0x724 Core/Src/gpio.o
 .debug_info    0x0000000000003c2a     0x1fc9 Core/Src/main.o
 .debug_info    0x0000000000005bf3      0x903 Core/Src/omni_wheel.o
 .debug_info    0x00000000000064f6      0x9b7 Core/Src/spi.o
 .debug_info    0x0000000000006ead      0x362 Core/Src/stm32f4xx_hal_msp.o
 .debug_info    0x000000000000720f      0x74a Core/Src/stm32f4xx_it.o
 .debug_info    0x0000000000007959      0x985 Core/Src/sysmem.o
 .debug_info    0x00000000000082de      0x554 Core/Src/system_stm32f4xx.o
 .debug_info    0x0000000000008832      0xf79 Core/Src/tim.o
 .debug_info    0x00000000000097ab      0x94a Core/Src/usart.o
 .debug_info    0x000000000000a0f5       0x22 Core/Startup/startup_stm32f407vetx.o
 .debug_info    0x000000000000a117      0x945 Drivers/STM32F4xx_HAL_Driver/Src/stm32f4xx_hal.o
 .debug_info    0x000000000000aa5c      0xe28 Drivers/STM32F4xx_HAL_Driver/Src/stm32f4xx_hal_cortex.o
 .debug_info    0x000000000000b884      0x7b5 Drivers/STM32F4xx_HAL_Driver/Src/stm32f4xx_hal_gpio.o
 .debug_info    0x000000000000c039      0x904 Drivers/STM32F4xx_HAL_Driver/Src/stm32f4xx_hal_rcc.o
 .debug_info    0x000000000000c93d     0x163a Drivers/STM32F4xx_HAL_Driver/Src/stm32f4xx_hal_spi.o
 .debug_info    0x000000000000df77     0x24a9 Drivers/STM32F4xx_HAL_Driver/Src/stm32f4xx_hal_tim.o
 .debug_info    0x0000000000010420     0x1157 Drivers/STM32F4xx_HAL_Driver/Src/stm32f4xx_hal_tim_ex.o
 .debug_info    0x0000000000011577     0x124c Drivers/STM32F4xx_HAL_Driver/Src/stm32f4xx_hal_uart.o

.debug_abbrev   0x0000000000000000     0x2905
 .debug_abbrev  0x0000000000000000      0x330 Core/Src/AccelStepper.o
 .debug_abbrev  0x0000000000000330      0x34c Core/Src/MY_NRF24.o
 .debug_abbrev  0x000000000000067c       0xf9 Core/Src/PID.o
 .debug_abbrev  0x0000000000000775      0x13d Core/Src/gpio.o
 .debug_abbrev  0x00000000000008b2      0x2af Core/Src/main.o
 .debug_abbrev  0x0000000000000b61      0x1bc Core/Src/omni_wheel.o
 .debug_abbrev  0x0000000000000d1d      0x199 Core/Src/spi.o
 .debug_abbrev  0x0000000000000eb6      0x109 Core/Src/stm32f4xx_hal_msp.o
 .debug_abbrev  0x0000000000000fbf      0x15a Core/Src/stm32f4xx_it.o
 .debug_abbrev  0x0000000000001119      0x19b Core/Src/sysmem.o
 .debug_abbrev  0x00000000000012b4      0x12b Core/Src/system_stm32f4xx.o
 .debug_abbrev  0x00000000000013df      0x1dc Core/Src/tim.o
 .debug_abbrev  0x00000000000015bb      0x199 Core/Src/usart.o
 .debug_abbrev  0x0000000000001754       0x12 Core/Startup/startup_stm32f407vetx.o
 .debug_abbrev  0x0000000000001766      0x1c7 Drivers/STM32F4xx_HAL_Driver/Src/stm32f4xx_hal.o
 .debug_abbrev  0x000000000000192d      0x2fa Drivers/STM32F4xx_HAL_Driver/Src/stm32f4xx_hal_cortex.o
 .debug_abbrev  0x0000000000001c27      0x1c9 Drivers/STM32F4xx_HAL_Driver/Src/stm32f4xx_hal_gpio.o
 .debug_abbrev  0x0000000000001df0      0x245 Drivers/STM32F4xx_HAL_Driver/Src/stm32f4xx_hal_rcc.o
 .debug_abbrev  0x0000000000002035      0x240 Drivers/STM32F4xx_HAL_Driver/Src/stm32f4xx_hal_spi.o
 .debug_abbrev  0x0000000000002275      0x230 Drivers/STM32F4xx_HAL_Driver/Src/stm32f4xx_hal_tim.o
 .debug_abbrev  0x00000000000024a5      0x21e Drivers/STM32F4xx_HAL_Driver/Src/stm32f4xx_hal_tim_ex.o
 .debug_abbrev  0x00000000000026c3      0x242 Drivers/STM32F4xx_HAL_Driver/Src/stm32f4xx_hal_uart.o

.debug_aranges  0x0000000000000000     0x1120
 .debug_aranges
                0x0000000000000000      0x120 Core/Src/AccelStepper.o
 .debug_aranges
                0x0000000000000120      0x1d0 Core/Src/MY_NRF24.o
 .debug_aranges
                0x00000000000002f0       0x28 Core/Src/PID.o
 .debug_aranges
                0x0000000000000318       0x20 Core/Src/gpio.o
 .debug_aranges
                0x0000000000000338       0x58 Core/Src/main.o
 .debug_aranges
                0x0000000000000390       0x48 Core/Src/omni_wheel.o
 .debug_aranges
                0x00000000000003d8       0x30 Core/Src/spi.o
 .debug_aranges
                0x0000000000000408       0x20 Core/Src/stm32f4xx_hal_msp.o
 .debug_aranges
                0x0000000000000428       0x80 Core/Src/stm32f4xx_it.o
 .debug_aranges
                0x00000000000004a8       0x20 Core/Src/sysmem.o
 .debug_aranges
                0x00000000000004c8       0x28 Core/Src/system_stm32f4xx.o
 .debug_aranges
                0x00000000000004f0       0x58 Core/Src/tim.o
 .debug_aranges
                0x0000000000000548       0x30 Core/Src/usart.o
 .debug_aranges
                0x0000000000000578       0x28 Core/Startup/startup_stm32f407vetx.o
 .debug_aranges
                0x00000000000005a0       0xf0 Drivers/STM32F4xx_HAL_Driver/Src/stm32f4xx_hal.o
 .debug_aranges
                0x0000000000000690      0x118 Drivers/STM32F4xx_HAL_Driver/Src/stm32f4xx_hal_cortex.o
 .debug_aranges
                0x00000000000007a8       0x58 Drivers/STM32F4xx_HAL_Driver/Src/stm32f4xx_hal_gpio.o
 .debug_aranges
                0x0000000000000800       0x88 Drivers/STM32F4xx_HAL_Driver/Src/stm32f4xx_hal_rcc.o
 .debug_aranges
                0x0000000000000888      0x1d0 Drivers/STM32F4xx_HAL_Driver/Src/stm32f4xx_hal_spi.o
 .debug_aranges
                0x0000000000000a58      0x3a8 Drivers/STM32F4xx_HAL_Driver/Src/stm32f4xx_hal_tim.o
 .debug_aranges
                0x0000000000000e00      0x150 Drivers/STM32F4xx_HAL_Driver/Src/stm32f4xx_hal_tim_ex.o
 .debug_aranges
                0x0000000000000f50      0x1d0 Drivers/STM32F4xx_HAL_Driver/Src/stm32f4xx_hal_uart.o

.debug_ranges   0x0000000000000000     0x1028
 .debug_ranges  0x0000000000000000      0x170 Core/Src/AccelStepper.o
 .debug_ranges  0x0000000000000170      0x1c0 Core/Src/MY_NRF24.o
 .debug_ranges  0x0000000000000330       0x18 Core/Src/PID.o
 .debug_ranges  0x0000000000000348       0x10 Core/Src/gpio.o
 .debug_ranges  0x0000000000000358       0x48 Core/Src/main.o
 .debug_ranges  0x00000000000003a0       0x38 Core/Src/omni_wheel.o
 .debug_ranges  0x00000000000003d8       0x20 Core/Src/spi.o
 .debug_ranges  0x00000000000003f8       0x10 Core/Src/stm32f4xx_hal_msp.o
 .debug_ranges  0x0000000000000408       0x70 Core/Src/stm32f4xx_it.o
 .debug_ranges  0x0000000000000478       0x10 Core/Src/sysmem.o
 .debug_ranges  0x0000000000000488       0x18 Core/Src/system_stm32f4xx.o
 .debug_ranges  0x00000000000004a0       0x48 Core/Src/tim.o
 .debug_ranges  0x00000000000004e8       0x20 Core/Src/usart.o
 .debug_ranges  0x0000000000000508       0x20 Core/Startup/startup_stm32f407vetx.o
 .debug_ranges  0x0000000000000528       0xe0 Drivers/STM32F4xx_HAL_Driver/Src/stm32f4xx_hal.o
 .debug_ranges  0x0000000000000608      0x108 Drivers/STM32F4xx_HAL_Driver/Src/stm32f4xx_hal_cortex.o
 .debug_ranges  0x0000000000000710       0x48 Drivers/STM32F4xx_HAL_Driver/Src/stm32f4xx_hal_gpio.o
 .debug_ranges  0x0000000000000758       0x78 Drivers/STM32F4xx_HAL_Driver/Src/stm32f4xx_hal_rcc.o
 .debug_ranges  0x00000000000007d0      0x1c0 Drivers/STM32F4xx_HAL_Driver/Src/stm32f4xx_hal_spi.o
 .debug_ranges  0x0000000000000990      0x398 Drivers/STM32F4xx_HAL_Driver/Src/stm32f4xx_hal_tim.o
 .debug_ranges  0x0000000000000d28      0x140 Drivers/STM32F4xx_HAL_Driver/Src/stm32f4xx_hal_tim_ex.o
 .debug_ranges  0x0000000000000e68      0x1c0 Drivers/STM32F4xx_HAL_Driver/Src/stm32f4xx_hal_uart.o

.debug_macro    0x0000000000000000    0x22edc
 .debug_macro   0x0000000000000000      0x356 Core/Src/AccelStepper.o
 .debug_macro   0x0000000000000356      0xa5a Core/Src/AccelStepper.o
 .debug_macro   0x0000000000000db0       0x22 Core/Src/AccelStepper.o
 .debug_macro   0x0000000000000dd2       0x40 Core/Src/AccelStepper.o
 .debug_macro   0x0000000000000e12       0x18 Core/Src/AccelStepper.o
 .debug_macro   0x0000000000000e2a       0x94 Core/Src/AccelStepper.o
 .debug_macro   0x0000000000000ebe       0x3c Core/Src/AccelStepper.o
 .debug_macro   0x0000000000000efa       0x34 Core/Src/AccelStepper.o
 .debug_macro   0x0000000000000f2e      0x174 Core/Src/AccelStepper.o
 .debug_macro   0x00000000000010a2       0x57 Core/Src/AccelStepper.o
 .debug_macro   0x00000000000010f9       0x52 Core/Src/AccelStepper.o
 .debug_macro   0x000000000000114b       0x1f Core/Src/AccelStepper.o
 .debug_macro   0x000000000000116a       0x43 Core/Src/AccelStepper.o
 .debug_macro   0x00000000000011ad       0x20 Core/Src/AccelStepper.o
 .debug_macro   0x00000000000011cd      0x1a3 Core/Src/AccelStepper.o
 .debug_macro   0x0000000000001370      0x330 Core/Src/AccelStepper.o
 .debug_macro   0x00000000000016a0      0x1e1 Core/Src/AccelStepper.o
 .debug_macro   0x0000000000001881      0x29a Core/Src/AccelStepper.o