micros.h:19:26:micros	4	static
AccelStepper.c:21:6:moveTo	16	static
AccelStepper.c:31:6:move	16	static
AccelStepper.c:39:9:runSpeed	24	static
AccelStepper.c:74:6:distanceToGo	16	static
AccelStepper.c:79:6:targetPosition	16	static
AccelStepper.c:84:6:currentPosition	16	static
AccelStepper.c:91:6:setCurrentPosition	16	static
AccelStepper.c:99:6:computeNewSpeed	40	static
AccelStepper.c:186:9:run	16	static
AccelStepper.c:193:6:InitStepper	32	static
AccelStepper.c:229:6:InitStepperFunct	32	static
AccelStepper.c:264:6:setMaxSpeed	24	static
AccelStepper.c:279:7:maxSpeed	16	static
AccelStepper.c:284:6:setAcceleration	24	static
AccelStepper.c:299:7:constrain	24	static
AccelStepper.c:306:6:setSpeed	24	static
AccelStepper.c:326:7:speed	16	static
AccelStepper.c:332:6:step	16	static
AccelStepper.c:341:6:setOutputPins	24	static
AccelStepper.c:362:6:step0	16	static
AccelStepper.c:373:6:step1	16	static
AccelStepper.c:391:6:disableOutputs	40	static
AccelStepper.c:412:6:enableOutputs	80	static
AccelStepper.c:446:6:setMinPulseWidth	16	static
AccelStepper.c:451:6:setEnablePin	48	static
AccelStepper.c:473:6:setPinsInvertedStpDir	16	static
AccelStepper.c:480:6:setPinsInverted	16	static
AccelStepper.c:488:6:runToPosition	16	static
AccelStepper.c:493:9:runSpeedToPosition	16	static
AccelStepper.c:506:6:runToNewPosition	16	static
AccelStepper.c:512:6:stop	32	static
AccelStepper.c:526:9:isRunning	16	static
